lscpu Information:
==================
Architecture:          x86_64
CPU op-mode(s):        32-bit, 64-bit
Byte Order:            Little Endian
CPU(s):                20
On-line CPU(s) list:   0-19
Thread(s) per core:    1
Core(s) per socket:    10
Socket(s):             2
NUMA node(s):          2
Vendor ID:             GenuineIntel
CPU family:            6
Model:                 85
Model name:            Intel(R) Xeon(R) Gold 5215 CPU @ 2.50GHz
Stepping:              7
CPU MHz:               2500.000
BogoMIPS:              5000.00
Virtualization:        VT-x
L1d cache:             32K
L1i cache:             32K
L2 cache:              1024K
L3 cache:              14080K
NUMA node0 CPU(s):     0-9
NUMA node1 CPU(s):     10-19
Flags:                 fpu vme de pse tsc msr pae mce cx8 apic sep mtrr pge mca cmov pat pse36 clflush dts acpi mmx fxsr sse sse2 ss ht tm pbe syscall nx pdpe1gb rdtscp lm constant_tsc art arch_perfmon pebs bts rep_good nopl xtopology nonstop_tsc aperfmperf eagerfpu pni pclmulqdq dtes64 monitor ds_cpl vmx smx est tm2 ssse3 sdbg fma cx16 xtpr pdcm pcid dca sse4_1 sse4_2 x2apic movbe popcnt tsc_deadline_timer aes xsave avx f16c rdrand lahf_lm abm 3dnowprefetch epb cat_l3 cdp_l3 invpcid_single intel_ppin intel_pt ssbd mba ibrs ibpb stibp ibrs_enhanced tpr_shadow vnmi flexpriority ept vpid fsgsbase tsc_adjust bmi1 hle avx2 smep bmi2 erms invpcid rtm cqm mpx rdt_a avx512f avx512dq rdseed adx smap clflushopt clwb avx512cd avx512bw avx512vl xsaveopt xsavec xgetbv1 cqm_llc cqm_occup_llc cqm_mbm_total cqm_mbm_local dtherm ida arat pln pts hwp_epp pku ospke avx512_vnni md_clear spec_ctrl intel_stibp flush_l1d arch_capabilities

dmesg Output:
=============
[    0.000000] microcode: microcode updated early to revision 0x5003102, date = 2021-03-08
[    0.000000] Initializing cgroup subsys cpuset
[    0.000000] Initializing cgroup subsys cpu
[    0.000000] Initializing cgroup subsys cpuacct
[    0.000000] Linux version 3.10.0-1160.49.1.el7.x86_64 (mockbuild@kbuilder.bsys.centos.org) (gcc version 4.8.5 20150623 (Red Hat 4.8.5-44) (GCC) ) #1 SMP Tue Nov 30 15:51:32 UTC 2021
[    0.000000] Command line: BOOT_IMAGE=/vmlinuz-3.10.0-1160.49.1.el7.x86_64 root=/dev/mapper/centos-root ro crashkernel=auto spectre_v2=retpoline rd.lvm.lv=centos/root rd.lvm.lv=centos/swap rhgb quiet intel_iommu=on
[    0.000000] e820: BIOS-provided physical RAM map:
[    0.000000] BIOS-e820: [mem 0x0000000000000000-0x000000000009dbff] usable
[    0.000000] BIOS-e820: [mem 0x000000000009dc00-0x000000000009ffff] reserved
[    0.000000] BIOS-e820: [mem 0x00000000000e0000-0x00000000000fffff] reserved
[    0.000000] BIOS-e820: [mem 0x0000000000100000-0x000000009c1c0fff] usable
[    0.000000] BIOS-e820: [mem 0x000000009c1c1000-0x000000009c79cfff] ACPI data
[    0.000000] BIOS-e820: [mem 0x000000009c79d000-0x000000009d38bfff] ACPI NVS
[    0.000000] BIOS-e820: [mem 0x000000009d38c000-0x000000009f38dfff] usable
[    0.000000] BIOS-e820: [mem 0x000000009f38e000-0x00000000ab034fff] reserved
[    0.000000] BIOS-e820: [mem 0x00000000ab035000-0x00000000afbeafff] usable
[    0.000000] BIOS-e820: [mem 0x00000000afbeb000-0x00000000afc1cfff] reserved
[    0.000000] BIOS-e820: [mem 0x00000000afc1d000-0x00000000afffffff] usable
[    0.000000] BIOS-e820: [mem 0x00000000b0000000-0x00000000cfffffff] reserved
[    0.000000] BIOS-e820: [mem 0x00000000fd000000-0x00000000fe7fffff] reserved
[    0.000000] BIOS-e820: [mem 0x00000000fed20000-0x00000000fed44fff] reserved
[    0.000000] BIOS-e820: [mem 0x00000000ff000000-0x00000000ffffffff] reserved
[    0.000000] BIOS-e820: [mem 0x0000000100000000-0x000000043fffffff] usable
[    0.000000] BIOS-e820: [mem 0x0000000440000000-0x000000433fffffff] persistent (type 7)
[    0.000000] BIOS-e820: [mem 0x0000004340000000-0x000000473fffffff] usable
[    0.000000] BIOS-e820: [mem 0x0000004740000000-0x000000863fffffff] persistent (type 7)
[    0.000000] BIOS-e820: [mem 0x0000008640000000-0x000000864fffffff] reserved
[    0.000000] NX (Execute Disable) protection: active
[    0.000000] SMBIOS 3.2 present.
[    0.000000] DMI: Lenovo ThinkSystem SR630 -[7X02CTO1WW]-/-[7X02CTO1WW]-, BIOS -[IVE164L-2.80]- 10/23/2020
[    0.000000] e820: update [mem 0x00000000-0x00000fff] usable ==> reserved
[    0.000000] e820: remove [mem 0x000a0000-0x000fffff] usable
[    0.000000] e820: last_pfn = 0x4740000 max_arch_pfn = 0x400000000
[    0.000000] MTRR default type: uncachable
[    0.000000] MTRR fixed ranges enabled:
[    0.000000]   00000-9FFFF write-back
[    0.000000]   A0000-FFFFF uncachable
[    0.000000] MTRR variable ranges enabled:
[    0.000000]   0 base 000000000000 mask 3F8000000000 write-back
[    0.000000]   1 base 008000000000 mask 3FFC00000000 write-back
[    0.000000]   2 base 008400000000 mask 3FFE00000000 write-back
[    0.000000]   3 base 008600000000 mask 3FFFC0000000 write-back
[    0.000000]   4 base 0000C0000000 mask 3FFFC0000000 uncachable
[    0.000000]   5 base 0000B0000000 mask 3FFFFC000000 uncachable
[    0.000000]   6 disabled
[    0.000000]   7 disabled
[    0.000000]   8 disabled
[    0.000000]   9 disabled
[    0.000000] PAT configuration [0-7]: WB  WC  UC- UC  WB  WP  UC- UC  
[    0.000000] original variable MTRRs
[    0.000000] reg 0, base: 0GB, range: 512GB, type WB
[    0.000000] reg 1, base: 512GB, range: 16GB, type WB
[    0.000000] reg 2, base: 528GB, range: 8GB, type WB
[    0.000000] reg 3, base: 536GB, range: 1GB, type WB
[    0.000000] reg 4, base: 3GB, range: 1GB, type UC
[    0.000000] reg 5, base: 2816MB, range: 64MB, type UC
[    0.000000] total RAM covered: 548800M
[    0.000000]  gran_size: 64K 	chunk_size: 64K 	num_reg: 10  	lose cover RAM: 409G
[    0.000000]  gran_size: 64K 	chunk_size: 128K 	num_reg: 10  	lose cover RAM: 409G
[    0.000000]  gran_size: 64K 	chunk_size: 256K 	num_reg: 10  	lose cover RAM: 409G
[    0.000000]  gran_size: 64K 	chunk_size: 512K 	num_reg: 10  	lose cover RAM: 409G
[    0.000000]  gran_size: 64K 	chunk_size: 1M 	num_reg: 10  	lose cover RAM: 409G
[    0.000000]  gran_size: 64K 	chunk_size: 2M 	num_reg: 10  	lose cover RAM: 409G
[    0.000000]  gran_size: 64K 	chunk_size: 4M 	num_reg: 10  	lose cover RAM: 409G
[    0.000000]  gran_size: 64K 	chunk_size: 8M 	num_reg: 10  	lose cover RAM: 409G
[    0.000000]  gran_size: 64K 	chunk_size: 16M 	num_reg: 10  	lose cover RAM: 409G
[    0.000000]  gran_size: 64K 	chunk_size: 32M 	num_reg: 10  	lose cover RAM: 409G
[    0.000000]  gran_size: 64K 	chunk_size: 64M 	num_reg: 10  	lose cover RAM: 409G
[    0.000000]  gran_size: 64K 	chunk_size: 128M 	num_reg: 10  	lose cover RAM: 505G
[    0.000000]  gran_size: 64K 	chunk_size: 256M 	num_reg: 10  	lose cover RAM: 505G
[    0.000000]  gran_size: 64K 	chunk_size: 512M 	num_reg: 10  	lose cover RAM: 25G
[    0.000000]  gran_size: 64K 	chunk_size: 1G 	num_reg: 10  	lose cover RAM: 25G
[    0.000000]  gran_size: 64K 	chunk_size: 2G 	num_reg: 10  	lose cover RAM: 409G
[    0.000000]  gran_size: 64K 	chunk_size: 4G 	num_reg: 10  	lose cover RAM: 541888M
[    0.000000]  gran_size: 64K 	chunk_size: 8G 	num_reg: 10  	lose cover RAM: 537856M
[    0.000000]  gran_size: 64K 	chunk_size: 16G 	num_reg: 10  	lose cover RAM: 529920M
[    0.000000]  gran_size: 64K 	chunk_size: 32G 	num_reg: 10  	lose cover RAM: 502G
[    0.000000]  gran_size: 64K 	chunk_size: 64G 	num_reg: 10  	lose cover RAM: 472G
[    0.000000]  gran_size: 64K 	chunk_size: 128G 	num_reg: 10  	lose cover RAM: 472G
[    0.000000]  gran_size: 64K 	chunk_size: 256G 	num_reg: 10  	lose cover RAM: 472G
[    0.000000]  gran_size: 64K 	chunk_size: 512G 	num_reg: 10  	lose cover RAM: 472G
[    0.000000]  gran_size: 64K 	chunk_size: 1024G 	num_reg: 10  	lose cover RAM: 409G
[    0.000000]  gran_size: 64K 	chunk_size: 2048G 	num_reg: 10  	lose cover RAM: 409G
[    0.000000]  gran_size: 64K 	chunk_size: 4096G 	num_reg: 10  	lose cover RAM: 409G
[    0.000000]  gran_size: 64K 	chunk_size: 8192G 	num_reg: 10  	lose cover RAM: 409G
[    0.000000]  gran_size: 64K 	chunk_size: 16384G 	num_reg: 10  	lose cover RAM: 409G
[    0.000000]  gran_size: 64K 	chunk_size: 32768G 	num_reg: 10  	lose cover RAM: 409G
[    0.000000]  gran_size: 128K 	chunk_size: 128K 	num_reg: 10  	lose cover RAM: 409G
[    0.000000]  gran_size: 128K 	chunk_size: 256K 	num_reg: 10  	lose cover RAM: 409G
[    0.000000]  gran_size: 128K 	chunk_size: 512K 	num_reg: 10  	lose cover RAM: 409G
[    0.000000]  gran_size: 128K 	chunk_size: 1M 	num_reg: 10  	lose cover RAM: 409G
[    0.000000]  gran_size: 128K 	chunk_size: 2M 	num_reg: 10  	lose cover RAM: 409G
[    0.000000]  gran_size: 128K 	chunk_size: 4M 	num_reg: 10  	lose cover RAM: 409G
[    0.000000]  gran_size: 128K 	chunk_size: 8M 	num_reg: 10  	lose cover RAM: 409G
[    0.000000]  gran_size: 128K 	chunk_size: 16M 	num_reg: 10  	lose cover RAM: 409G
[    0.000000]  gran_size: 128K 	chunk_size: 32M 	num_reg: 10  	lose cover RAM: 409G
[    0.000000]  gran_size: 128K 	chunk_size: 64M 	num_reg: 10  	lose cover RAM: 409G
[    0.000000]  gran_size: 128K 	chunk_size: 128M 	num_reg: 10  	lose cover RAM: 505G
[    0.000000]  gran_size: 128K 	chunk_size: 256M 	num_reg: 10  	lose cover RAM: 505G
[    0.000000]  gran_size: 128K 	chunk_size: 512M 	num_reg: 10  	lose cover RAM: 25G
[    0.000000]  gran_size: 128K 	chunk_size: 1G 	num_reg: 10  	lose cover RAM: 25G
[    0.000000]  gran_size: 128K 	chunk_size: 2G 	num_reg: 10  	lose cover RAM: 409G
[    0.000000]  gran_size: 128K 	chunk_size: 4G 	num_reg: 10  	lose cover RAM: 541888M
[    0.000000]  gran_size: 128K 	chunk_size: 8G 	num_reg: 10  	lose cover RAM: 537856M
[    0.000000]  gran_size: 128K 	chunk_size: 16G 	num_reg: 10  	lose cover RAM: 529920M
[    0.000000]  gran_size: 128K 	chunk_size: 32G 	num_reg: 10  	lose cover RAM: 502G
[    0.000000]  gran_size: 128K 	chunk_size: 64G 	num_reg: 10  	lose cover RAM: 472G
[    0.000000]  gran_size: 128K 	chunk_size: 128G 	num_reg: 10  	lose cover RAM: 472G
[    0.000000]  gran_size: 128K 	chunk_size: 256G 	num_reg: 10  	lose cover RAM: 472G
[    0.000000]  gran_size: 128K 	chunk_size: 512G 	num_reg: 10  	lose cover RAM: 472G
[    0.000000]  gran_size: 128K 	chunk_size: 1024G 	num_reg: 10  	lose cover RAM: 409G
[    0.000000]  gran_size: 128K 	chunk_size: 2048G 	num_reg: 10  	lose cover RAM: 409G
[    0.000000]  gran_size: 128K 	chunk_size: 4096G 	num_reg: 10  	lose cover RAM: 409G
[    0.000000]  gran_size: 128K 	chunk_size: 8192G 	num_reg: 10  	lose cover RAM: 409G
[    0.000000]  gran_size: 128K 	chunk_size: 16384G 	num_reg: 10  	lose cover RAM: 409G
[    0.000000]  gran_size: 128K 	chunk_size: 32768G 	num_reg: 10  	lose cover RAM: 409G
[    0.000000]  gran_size: 256K 	chunk_size: 256K 	num_reg: 10  	lose cover RAM: 409G
[    0.000000]  gran_size: 256K 	chunk_size: 512K 	num_reg: 10  	lose cover RAM: 409G
[    0.000000]  gran_size: 256K 	chunk_size: 1M 	num_reg: 10  	lose cover RAM: 409G
[    0.000000]  gran_size: 256K 	chunk_size: 2M 	num_reg: 10  	lose cover RAM: 409G
[    0.000000]  gran_size: 256K 	chunk_size: 4M 	num_reg: 10  	lose cover RAM: 409G
[    0.000000]  gran_size: 256K 	chunk_size: 8M 	num_reg: 10  	lose cover RAM: 409G
[    0.000000]  gran_size: 256K 	chunk_size: 16M 	num_reg: 10  	lose cover RAM: 409G
[    0.000000]  gran_size: 256K 	chunk_size: 32M 	num_reg: 10  	lose cover RAM: 409G
[    0.000000]  gran_size: 256K 	chunk_size: 64M 	num_reg: 10  	lose cover RAM: 409G
[    0.000000]  gran_size: 256K 	chunk_size: 128M 	num_reg: 10  	lose cover RAM: 505G
[    0.000000]  gran_size: 256K 	chunk_size: 256M 	num_reg: 10  	lose cover RAM: 505G
[    0.000000]  gran_size: 256K 	chunk_size: 512M 	num_reg: 10  	lose cover RAM: 25G
[    0.000000]  gran_size: 256K 	chunk_size: 1G 	num_reg: 10  	lose cover RAM: 25G
[    0.000000]  gran_size: 256K 	chunk_size: 2G 	num_reg: 10  	lose cover RAM: 409G
[    0.000000]  gran_size: 256K 	chunk_size: 4G 	num_reg: 10  	lose cover RAM: 541888M
[    0.000000]  gran_size: 256K 	chunk_size: 8G 	num_reg: 10  	lose cover RAM: 537856M
[    0.000000]  gran_size: 256K 	chunk_size: 16G 	num_reg: 10  	lose cover RAM: 529920M
[    0.000000]  gran_size: 256K 	chunk_size: 32G 	num_reg: 10  	lose cover RAM: 502G
[    0.000000]  gran_size: 256K 	chunk_size: 64G 	num_reg: 10  	lose cover RAM: 472G
[    0.000000]  gran_size: 256K 	chunk_size: 128G 	num_reg: 10  	lose cover RAM: 472G
[    0.000000]  gran_size: 256K 	chunk_size: 256G 	num_reg: 10  	lose cover RAM: 472G
[    0.000000]  gran_size: 256K 	chunk_size: 512G 	num_reg: 10  	lose cover RAM: 472G
[    0.000000]  gran_size: 256K 	chunk_size: 1024G 	num_reg: 10  	lose cover RAM: 409G
[    0.000000]  gran_size: 256K 	chunk_size: 2048G 	num_reg: 10  	lose cover RAM: 409G
[    0.000000]  gran_size: 256K 	chunk_size: 4096G 	num_reg: 10  	lose cover RAM: 409G
[    0.000000]  gran_size: 256K 	chunk_size: 8192G 	num_reg: 10  	lose cover RAM: 409G
[    0.000000]  gran_size: 256K 	chunk_size: 16384G 	num_reg: 10  	lose cover RAM: 409G
[    0.000000]  gran_size: 256K 	chunk_size: 32768G 	num_reg: 10  	lose cover RAM: 409G
[    0.000000]  gran_size: 512K 	chunk_size: 512K 	num_reg: 10  	lose cover RAM: 409G
[    0.000000]  gran_size: 512K 	chunk_size: 1M 	num_reg: 10  	lose cover RAM: 409G
[    0.000000]  gran_size: 512K 	chunk_size: 2M 	num_reg: 10  	lose cover RAM: 409G
[    0.000000]  gran_size: 512K 	chunk_size: 4M 	num_reg: 10  	lose cover RAM: 409G
[    0.000000]  gran_size: 512K 	chunk_size: 8M 	num_reg: 10  	lose cover RAM: 409G
[    0.000000]  gran_size: 512K 	chunk_size: 16M 	num_reg: 10  	lose cover RAM: 409G
[    0.000000]  gran_size: 512K 	chunk_size: 32M 	num_reg: 10  	lose cover RAM: 409G
[    0.000000]  gran_size: 512K 	chunk_size: 64M 	num_reg: 10  	lose cover RAM: 409G
[    0.000000]  gran_size: 512K 	chunk_size: 128M 	num_reg: 10  	lose cover RAM: 505G
[    0.000000]  gran_size: 512K 	chunk_size: 256M 	num_reg: 10  	lose cover RAM: 505G
[    0.000000]  gran_size: 512K 	chunk_size: 512M 	num_reg: 10  	lose cover RAM: 25G
[    0.000000]  gran_size: 512K 	chunk_size: 1G 	num_reg: 10  	lose cover RAM: 25G
[    0.000000]  gran_size: 512K 	chunk_size: 2G 	num_reg: 10  	lose cover RAM: 409G
[    0.000000]  gran_size: 512K 	chunk_size: 4G 	num_reg: 10  	lose cover RAM: 541888M
[    0.000000]  gran_size: 512K 	chunk_size: 8G 	num_reg: 10  	lose cover RAM: 537856M
[    0.000000]  gran_size: 512K 	chunk_size: 16G 	num_reg: 10  	lose cover RAM: 529920M
[    0.000000]  gran_size: 512K 	chunk_size: 32G 	num_reg: 10  	lose cover RAM: 502G
[    0.000000]  gran_size: 512K 	chunk_size: 64G 	num_reg: 10  	lose cover RAM: 472G
[    0.000000]  gran_size: 512K 	chunk_size: 128G 	num_reg: 10  	lose cover RAM: 472G
[    0.000000]  gran_size: 512K 	chunk_size: 256G 	num_reg: 10  	lose cover RAM: 472G
[    0.000000]  gran_size: 512K 	chunk_size: 512G 	num_reg: 10  	lose cover RAM: 472G
[    0.000000]  gran_size: 512K 	chunk_size: 1024G 	num_reg: 10  	lose cover RAM: 409G
[    0.000000]  gran_size: 512K 	chunk_size: 2048G 	num_reg: 10  	lose cover RAM: 409G
[    0.000000]  gran_size: 512K 	chunk_size: 4096G 	num_reg: 10  	lose cover RAM: 409G
[    0.000000]  gran_size: 512K 	chunk_size: 8192G 	num_reg: 10  	lose cover RAM: 409G
[    0.000000]  gran_size: 512K 	chunk_size: 16384G 	num_reg: 10  	lose cover RAM: 409G
[    0.000000]  gran_size: 512K 	chunk_size: 32768G 	num_reg: 10  	lose cover RAM: 409G
[    0.000000]  gran_size: 1M 	chunk_size: 1M 	num_reg: 10  	lose cover RAM: 409G
[    0.000000]  gran_size: 1M 	chunk_size: 2M 	num_reg: 10  	lose cover RAM: 409G
[    0.000000]  gran_size: 1M 	chunk_size: 4M 	num_reg: 10  	lose cover RAM: 409G
[    0.000000]  gran_size: 1M 	chunk_size: 8M 	num_reg: 10  	lose cover RAM: 409G
[    0.000000]  gran_size: 1M 	chunk_size: 16M 	num_reg: 10  	lose cover RAM: 409G
[    0.000000]  gran_size: 1M 	chunk_size: 32M 	num_reg: 10  	lose cover RAM: 409G
[    0.000000]  gran_size: 1M 	chunk_size: 64M 	num_reg: 10  	lose cover RAM: 409G
[    0.000000]  gran_size: 1M 	chunk_size: 128M 	num_reg: 10  	lose cover RAM: 505G
[    0.000000]  gran_size: 1M 	chunk_size: 256M 	num_reg: 10  	lose cover RAM: 505G
[    0.000000]  gran_size: 1M 	chunk_size: 512M 	num_reg: 10  	lose cover RAM: 25G
[    0.000000]  gran_size: 1M 	chunk_size: 1G 	num_reg: 10  	lose cover RAM: 25G
[    0.000000]  gran_size: 1M 	chunk_size: 2G 	num_reg: 10  	lose cover RAM: 409G
[    0.000000]  gran_size: 1M 	chunk_size: 4G 	num_reg: 10  	lose cover RAM: 541888M
[    0.000000]  gran_size: 1M 	chunk_size: 8G 	num_reg: 10  	lose cover RAM: 537856M
[    0.000000]  gran_size: 1M 	chunk_size: 16G 	num_reg: 10  	lose cover RAM: 529920M
[    0.000000]  gran_size: 1M 	chunk_size: 32G 	num_reg: 10  	lose cover RAM: 502G
[    0.000000]  gran_size: 1M 	chunk_size: 64G 	num_reg: 10  	lose cover RAM: 472G
[    0.000000]  gran_size: 1M 	chunk_size: 128G 	num_reg: 10  	lose cover RAM: 472G
[    0.000000]  gran_size: 1M 	chunk_size: 256G 	num_reg: 10  	lose cover RAM: 472G
[    0.000000]  gran_size: 1M 	chunk_size: 512G 	num_reg: 10  	lose cover RAM: 472G
[    0.000000]  gran_size: 1M 	chunk_size: 1024G 	num_reg: 10  	lose cover RAM: 409G
[    0.000000]  gran_size: 1M 	chunk_size: 2048G 	num_reg: 10  	lose cover RAM: 409G
[    0.000000]  gran_size: 1M 	chunk_size: 4096G 	num_reg: 10  	lose cover RAM: 409G
[    0.000000]  gran_size: 1M 	chunk_size: 8192G 	num_reg: 10  	lose cover RAM: 409G
[    0.000000]  gran_size: 1M 	chunk_size: 16384G 	num_reg: 10  	lose cover RAM: 409G
[    0.000000]  gran_size: 1M 	chunk_size: 32768G 	num_reg: 10  	lose cover RAM: 409G
[    0.000000]  gran_size: 2M 	chunk_size: 2M 	num_reg: 10  	lose cover RAM: 409G
[    0.000000]  gran_size: 2M 	chunk_size: 4M 	num_reg: 10  	lose cover RAM: 409G
[    0.000000]  gran_size: 2M 	chunk_size: 8M 	num_reg: 10  	lose cover RAM: 409G
[    0.000000]  gran_size: 2M 	chunk_size: 16M 	num_reg: 10  	lose cover RAM: 409G
[    0.000000]  gran_size: 2M 	chunk_size: 32M 	num_reg: 10  	lose cover RAM: 409G
[    0.000000]  gran_size: 2M 	chunk_size: 64M 	num_reg: 10  	lose cover RAM: 409G
[    0.000000]  gran_size: 2M 	chunk_size: 128M 	num_reg: 10  	lose cover RAM: 505G
[    0.000000]  gran_size: 2M 	chunk_size: 256M 	num_reg: 10  	lose cover RAM: 505G
[    0.000000]  gran_size: 2M 	chunk_size: 512M 	num_reg: 10  	lose cover RAM: 25G
[    0.000000]  gran_size: 2M 	chunk_size: 1G 	num_reg: 10  	lose cover RAM: 25G
[    0.000000]  gran_size: 2M 	chunk_size: 2G 	num_reg: 10  	lose cover RAM: 409G
[    0.000000]  gran_size: 2M 	chunk_size: 4G 	num_reg: 10  	lose cover RAM: 541888M
[    0.000000]  gran_size: 2M 	chunk_size: 8G 	num_reg: 10  	lose cover RAM: 537856M
[    0.000000]  gran_size: 2M 	chunk_size: 16G 	num_reg: 10  	lose cover RAM: 529920M
[    0.000000]  gran_size: 2M 	chunk_size: 32G 	num_reg: 10  	lose cover RAM: 502G
[    0.000000]  gran_size: 2M 	chunk_size: 64G 	num_reg: 10  	lose cover RAM: 472G
[    0.000000]  gran_size: 2M 	chunk_size: 128G 	num_reg: 10  	lose cover RAM: 472G
[    0.000000]  gran_size: 2M 	chunk_size: 256G 	num_reg: 10  	lose cover RAM: 472G
[    0.000000]  gran_size: 2M 	chunk_size: 512G 	num_reg: 10  	lose cover RAM: 472G
[    0.000000]  gran_size: 2M 	chunk_size: 1024G 	num_reg: 10  	lose cover RAM: 409G
[    0.000000]  gran_size: 2M 	chunk_size: 2048G 	num_reg: 10  	lose cover RAM: 409G
[    0.000000]  gran_size: 2M 	chunk_size: 4096G 	num_reg: 10  	lose cover RAM: 409G
[    0.000000]  gran_size: 2M 	chunk_size: 8192G 	num_reg: 10  	lose cover RAM: 409G
[    0.000000]  gran_size: 2M 	chunk_size: 16384G 	num_reg: 10  	lose cover RAM: 409G
[    0.000000]  gran_size: 2M 	chunk_size: 32768G 	num_reg: 10  	lose cover RAM: 409G
[    0.000000]  gran_size: 4M 	chunk_size: 4M 	num_reg: 10  	lose cover RAM: 409G
[    0.000000]  gran_size: 4M 	chunk_size: 8M 	num_reg: 10  	lose cover RAM: 409G
[    0.000000]  gran_size: 4M 	chunk_size: 16M 	num_reg: 10  	lose cover RAM: 409G
[    0.000000]  gran_size: 4M 	chunk_size: 32M 	num_reg: 10  	lose cover RAM: 409G
[    0.000000]  gran_size: 4M 	chunk_size: 64M 	num_reg: 10  	lose cover RAM: 409G
[    0.000000]  gran_size: 4M 	chunk_size: 128M 	num_reg: 10  	lose cover RAM: 505G
[    0.000000]  gran_size: 4M 	chunk_size: 256M 	num_reg: 10  	lose cover RAM: 505G
[    0.000000]  gran_size: 4M 	chunk_size: 512M 	num_reg: 10  	lose cover RAM: 25G
[    0.000000]  gran_size: 4M 	chunk_size: 1G 	num_reg: 10  	lose cover RAM: 25G
[    0.000000]  gran_size: 4M 	chunk_size: 2G 	num_reg: 10  	lose cover RAM: 409G
[    0.000000]  gran_size: 4M 	chunk_size: 4G 	num_reg: 10  	lose cover RAM: 541888M
[    0.000000]  gran_size: 4M 	chunk_size: 8G 	num_reg: 10  	lose cover RAM: 537856M
[    0.000000]  gran_size: 4M 	chunk_size: 16G 	num_reg: 10  	lose cover RAM: 529920M
[    0.000000]  gran_size: 4M 	chunk_size: 32G 	num_reg: 10  	lose cover RAM: 502G
[    0.000000]  gran_size: 4M 	chunk_size: 64G 	num_reg: 10  	lose cover RAM: 472G
[    0.000000]  gran_size: 4M 	chunk_size: 128G 	num_reg: 10  	lose cover RAM: 472G
[    0.000000]  gran_size: 4M 	chunk_size: 256G 	num_reg: 10  	lose cover RAM: 472G
[    0.000000]  gran_size: 4M 	chunk_size: 512G 	num_reg: 10  	lose cover RAM: 472G
[    0.000000]  gran_size: 4M 	chunk_size: 1024G 	num_reg: 10  	lose cover RAM: 409G
[    0.000000]  gran_size: 4M 	chunk_size: 2048G 	num_reg: 10  	lose cover RAM: 409G
[    0.000000]  gran_size: 4M 	chunk_size: 4096G 	num_reg: 10  	lose cover RAM: 409G
[    0.000000]  gran_size: 4M 	chunk_size: 8192G 	num_reg: 10  	lose cover RAM: 409G
[    0.000000]  gran_size: 4M 	chunk_size: 16384G 	num_reg: 10  	lose cover RAM: 409G
[    0.000000]  gran_size: 4M 	chunk_size: 32768G 	num_reg: 10  	lose cover RAM: 409G
[    0.000000]  gran_size: 8M 	chunk_size: 8M 	num_reg: 10  	lose cover RAM: 409G
[    0.000000]  gran_size: 8M 	chunk_size: 16M 	num_reg: 10  	lose cover RAM: 409G
[    0.000000]  gran_size: 8M 	chunk_size: 32M 	num_reg: 10  	lose cover RAM: 409G
[    0.000000]  gran_size: 8M 	chunk_size: 64M 	num_reg: 10  	lose cover RAM: 409G
[    0.000000]  gran_size: 8M 	chunk_size: 128M 	num_reg: 10  	lose cover RAM: 505G
[    0.000000]  gran_size: 8M 	chunk_size: 256M 	num_reg: 10  	lose cover RAM: 505G
[    0.000000]  gran_size: 8M 	chunk_size: 512M 	num_reg: 10  	lose cover RAM: 25G
[    0.000000]  gran_size: 8M 	chunk_size: 1G 	num_reg: 10  	lose cover RAM: 25G
[    0.000000]  gran_size: 8M 	chunk_size: 2G 	num_reg: 10  	lose cover RAM: 409G
[    0.000000]  gran_size: 8M 	chunk_size: 4G 	num_reg: 10  	lose cover RAM: 541888M
[    0.000000]  gran_size: 8M 	chunk_size: 8G 	num_reg: 10  	lose cover RAM: 537856M
[    0.000000]  gran_size: 8M 	chunk_size: 16G 	num_reg: 10  	lose cover RAM: 529920M
[    0.000000]  gran_size: 8M 	chunk_size: 32G 	num_reg: 10  	lose cover RAM: 502G
[    0.000000]  gran_size: 8M 	chunk_size: 64G 	num_reg: 10  	lose cover RAM: 472G
[    0.000000]  gran_size: 8M 	chunk_size: 128G 	num_reg: 10  	lose cover RAM: 472G
[    0.000000]  gran_size: 8M 	chunk_size: 256G 	num_reg: 10  	lose cover RAM: 472G
[    0.000000]  gran_size: 8M 	chunk_size: 512G 	num_reg: 10  	lose cover RAM: 472G
[    0.000000]  gran_size: 8M 	chunk_size: 1024G 	num_reg: 10  	lose cover RAM: 409G
[    0.000000]  gran_size: 8M 	chunk_size: 2048G 	num_reg: 10  	lose cover RAM: 409G
[    0.000000]  gran_size: 8M 	chunk_size: 4096G 	num_reg: 10  	lose cover RAM: 409G
[    0.000000]  gran_size: 8M 	chunk_size: 8192G 	num_reg: 10  	lose cover RAM: 409G
[    0.000000]  gran_size: 8M 	chunk_size: 16384G 	num_reg: 10  	lose cover RAM: 409G
[    0.000000]  gran_size: 8M 	chunk_size: 32768G 	num_reg: 10  	lose cover RAM: 409G
[    0.000000]  gran_size: 16M 	chunk_size: 16M 	num_reg: 10  	lose cover RAM: 409G
[    0.000000]  gran_size: 16M 	chunk_size: 32M 	num_reg: 10  	lose cover RAM: 409G
[    0.000000]  gran_size: 16M 	chunk_size: 64M 	num_reg: 10  	lose cover RAM: 409G
[    0.000000]  gran_size: 16M 	chunk_size: 128M 	num_reg: 10  	lose cover RAM: 505G
[    0.000000]  gran_size: 16M 	chunk_size: 256M 	num_reg: 10  	lose cover RAM: 505G
[    0.000000]  gran_size: 16M 	chunk_size: 512M 	num_reg: 10  	lose cover RAM: 25G
[    0.000000]  gran_size: 16M 	chunk_size: 1G 	num_reg: 10  	lose cover RAM: 25G
[    0.000000]  gran_size: 16M 	chunk_size: 2G 	num_reg: 10  	lose cover RAM: 409G
[    0.000000]  gran_size: 16M 	chunk_size: 4G 	num_reg: 10  	lose cover RAM: 541888M
[    0.000000]  gran_size: 16M 	chunk_size: 8G 	num_reg: 10  	lose cover RAM: 537856M
[    0.000000]  gran_size: 16M 	chunk_size: 16G 	num_reg: 10  	lose cover RAM: 529920M
[    0.000000]  gran_size: 16M 	chunk_size: 32G 	num_reg: 10  	lose cover RAM: 502G
[    0.000000]  gran_size: 16M 	chunk_size: 64G 	num_reg: 10  	lose cover RAM: 472G
[    0.000000]  gran_size: 16M 	chunk_size: 128G 	num_reg: 10  	lose cover RAM: 472G
[    0.000000]  gran_size: 16M 	chunk_size: 256G 	num_reg: 10  	lose cover RAM: 472G
[    0.000000]  gran_size: 16M 	chunk_size: 512G 	num_reg: 10  	lose cover RAM: 472G
[    0.000000]  gran_size: 16M 	chunk_size: 1024G 	num_reg: 10  	lose cover RAM: 409G
[    0.000000]  gran_size: 16M 	chunk_size: 2048G 	num_reg: 10  	lose cover RAM: 409G
[    0.000000]  gran_size: 16M 	chunk_size: 4096G 	num_reg: 10  	lose cover RAM: 409G
[    0.000000]  gran_size: 16M 	chunk_size: 8192G 	num_reg: 10  	lose cover RAM: 409G
[    0.000000]  gran_size: 16M 	chunk_size: 16384G 	num_reg: 10  	lose cover RAM: 409G
[    0.000000]  gran_size: 16M 	chunk_size: 32768G 	num_reg: 10  	lose cover RAM: 409G
[    0.000000]  gran_size: 32M 	chunk_size: 32M 	num_reg: 10  	lose cover RAM: 409G
[    0.000000]  gran_size: 32M 	chunk_size: 64M 	num_reg: 10  	lose cover RAM: 409G
[    0.000000]  gran_size: 32M 	chunk_size: 128M 	num_reg: 10  	lose cover RAM: 505G
[    0.000000]  gran_size: 32M 	chunk_size: 256M 	num_reg: 10  	lose cover RAM: 505G
[    0.000000]  gran_size: 32M 	chunk_size: 512M 	num_reg: 10  	lose cover RAM: 25G
[    0.000000]  gran_size: 32M 	chunk_size: 1G 	num_reg: 10  	lose cover RAM: 25G
[    0.000000]  gran_size: 32M 	chunk_size: 2G 	num_reg: 10  	lose cover RAM: 409G
[    0.000000]  gran_size: 32M 	chunk_size: 4G 	num_reg: 10  	lose cover RAM: 541888M
[    0.000000]  gran_size: 32M 	chunk_size: 8G 	num_reg: 10  	lose cover RAM: 537856M
[    0.000000]  gran_size: 32M 	chunk_size: 16G 	num_reg: 10  	lose cover RAM: 529920M
[    0.000000]  gran_size: 32M 	chunk_size: 32G 	num_reg: 10  	lose cover RAM: 502G
[    0.000000]  gran_size: 32M 	chunk_size: 64G 	num_reg: 10  	lose cover RAM: 472G
[    0.000000]  gran_size: 32M 	chunk_size: 128G 	num_reg: 10  	lose cover RAM: 472G
[    0.000000]  gran_size: 32M 	chunk_size: 256G 	num_reg: 10  	lose cover RAM: 472G
[    0.000000]  gran_size: 32M 	chunk_size: 512G 	num_reg: 10  	lose cover RAM: 472G
[    0.000000]  gran_size: 32M 	chunk_size: 1024G 	num_reg: 10  	lose cover RAM: 409G
[    0.000000]  gran_size: 32M 	chunk_size: 2048G 	num_reg: 10  	lose cover RAM: 409G
[    0.000000]  gran_size: 32M 	chunk_size: 4096G 	num_reg: 10  	lose cover RAM: 409G
[    0.000000]  gran_size: 32M 	chunk_size: 8192G 	num_reg: 10  	lose cover RAM: 409G
[    0.000000]  gran_size: 32M 	chunk_size: 16384G 	num_reg: 10  	lose cover RAM: 409G
[    0.000000]  gran_size: 32M 	chunk_size: 32768G 	num_reg: 10  	lose cover RAM: 409G
[    0.000000]  gran_size: 64M 	chunk_size: 64M 	num_reg: 10  	lose cover RAM: 409G
[    0.000000]  gran_size: 64M 	chunk_size: 128M 	num_reg: 10  	lose cover RAM: 505G
[    0.000000]  gran_size: 64M 	chunk_size: 256M 	num_reg: 10  	lose cover RAM: 505G
[    0.000000]  gran_size: 64M 	chunk_size: 512M 	num_reg: 10  	lose cover RAM: 25G
[    0.000000]  gran_size: 64M 	chunk_size: 1G 	num_reg: 10  	lose cover RAM: 25G
[    0.000000]  gran_size: 64M 	chunk_size: 2G 	num_reg: 10  	lose cover RAM: 409G
[    0.000000]  gran_size: 64M 	chunk_size: 4G 	num_reg: 10  	lose cover RAM: 541888M
[    0.000000]  gran_size: 64M 	chunk_size: 8G 	num_reg: 10  	lose cover RAM: 537856M
[    0.000000]  gran_size: 64M 	chunk_size: 16G 	num_reg: 10  	lose cover RAM: 529920M
[    0.000000] mtrr_cleanup: can not find optimal value
[    0.000000] please specify mtrr_gran_size/mtrr_chunk_size
[    0.000000] e820: update [mem 0xb0000000-0xb3ffffff] usable ==> reserved
[    0.000000] e820: update [mem 0xc0000000-0xffffffff] usable ==> reserved
[    0.000000] e820: last_pfn = 0xb0000 max_arch_pfn = 0x400000000
[    0.000000] Base memory trampoline at [ffffa06a40097000] 97000 size 24576
[    0.000000] Using GB pages for direct mapping
[    0.000000] BRK [0x110273000, 0x110273fff] PGTABLE
[    0.000000] BRK [0x110274000, 0x110274fff] PGTABLE
[    0.000000] BRK [0x110275000, 0x110275fff] PGTABLE
[    0.000000] BRK [0x110276000, 0x110276fff] PGTABLE
[    0.000000] BRK [0x110277000, 0x110277fff] PGTABLE
[    0.000000] BRK [0x110278000, 0x110278fff] PGTABLE
[    0.000000] BRK [0x110279000, 0x110279fff] PGTABLE
[    0.000000] BRK [0x11027a000, 0x11027afff] PGTABLE
[    0.000000] BRK [0x11027b000, 0x11027bfff] PGTABLE
[    0.000000] BRK [0x11027c000, 0x11027cfff] PGTABLE
[    0.000000] BRK [0x11027d000, 0x11027dfff] PGTABLE
[    0.000000] BRK [0x11027e000, 0x11027efff] PGTABLE
[    0.000000] RAMDISK: [mem 0x35678000-0x36b33fff]
[    0.000000] Early table checksum verification disabled
[    0.000000] ACPI: RSDP 00000000000f05a0 00024 (v02 LENOVO)
[    0.000000] ACPI: XSDT 000000009c2ed0e0 0013C (v01 LENOVO THINKSYS 00000100 AMI  00010013)
[    0.000000] ACPI: FACP 000000009c5edd78 00114 (v06 LENOVO THINKSYS 00000100 INTL 20091013)
[    0.000000] ACPI: DSDT 000000009c2ed2a8 300AC9 (v02 LENOVO THINKSYS 00000100 INTL 20091013)
[    0.000000] ACPI: FACS 000000009d348080 00040
[    0.000000] ACPI: FIDT 000000009c5ede90 0009C (v01 LENOVO THINKSYS 00000100 AMI  00010013)
[    0.000000] ACPI: TCPA 000000009c5edf30 00032 (v02 LENOVO THINKSYS 00000000 MSFT 01000013)
[    0.000000] ACPI: OEM9 000000009c5edf68 00030 (v01    LNV LNVGYERR 00000003      00000000)
[    0.000000] ACPI: SLIC 000000009c5edf98 00176 (v01 LENOVO THINKSYS 00000100 AMI  00010013)
[    0.000000] ACPI: SSDT 000000009c5ee110 003A2 (v02 LENOVO THINKSYS 00001000 INTL 20140828)
[    0.000000] ACPI: SSDT 000000009c5ee4b8 0046C (v02  INTEL ADDRXLAT 00000001 INTL 20140828)
[    0.000000] ACPI: MCFG 000000009c5ee928 0003C (v01 LENOVO THINKSYS 00000100 MSFT 00000097)
[    0.000000] ACPI: HPET 000000009c5ee968 00038 (v01 LENOVO THINKSYS 00000001 INTL 20091013)
[    0.000000] ACPI: APIC 000000009c5ee9a0 016DE (v03 LENOVO THINKSYS 00000000 INTL 20091013)
[    0.000000] ACPI: MIGT 000000009c5f0080 00040 (v01 LENOVO THINKSYS 00000000 INTL 20091013)
[    0.000000] ACPI: MSCT 000000009c5f00c0 00090 (v01 LENOVO THINKSYS 00000001 INTL 20091013)
[    0.000000] ACPI: PCAT 000000009c5f0150 00088 (v02 LENOVO THINKSYS 00000002 INTL 20091013)
[    0.000000] ACPI: PCCT 000000009c5f01d8 0006E (v01 LENOVO THINKSYS 00000002 INTL 20091013)
[    0.000000] ACPI: PMTT 000000009c5f0248 00538 (v01 LENOVO THINKSYS 00000001 INTL 20091013)
[    0.000000] ACPI: RASF 000000009c5f0780 00030 (v01 LENOVO THINKSYS 00000001 INTL 20091013)
[    0.000000] ACPI: SLIT 000000009c5f07b0 0042C (v01 LENOVO THINKSYS 00000001 INTL 20091013)
[    0.000000] ACPI: SRAT 000000009c5f0be0 02D30 (v03 LENOVO THINKSYS 00000002 INTL 20091013)
[    0.000000] ACPI: SVOS 000000009c5f3910 00032 (v01 LENOVO THINKSYS 00000000 INTL 20091013)
[    0.000000] ACPI: WDDT 000000009c5f3948 00040 (v01 LENOVO THINKSYS 00000000 INTL 20091013)
[    0.000000] ACPI: OEM4 000000009c5f3988 A27C4 (v02  INTEL CPU  CST 00003000 INTL 20140828)
[    0.000000] ACPI: SSDT 000000009c696150 33990 (v02  INTEL SSDT  PM 00004000 INTL 20140828)
[    0.000000] ACPI: NFIT 000000009c6c9ae0 002B0 (v01 LENOVO THINKSYS 00000002 INTL 20091013)
[    0.000000] ACPI: SSDT 000000009c6c9d90 00024 (v02 LENOVO THINKSYS 00000000 INTL 20091013)
[    0.000000] ACPI: SPCR 000000009c6c9db8 00050 (v02 LENOVO THINKSYS 00000100 AMI. 0005000E)
[    0.000000] ACPI: SSDT 000000009c6c9e08 02B10 (v02  INTEL SpsNm    00000002 INTL 20140828)
[    0.000000] ACPI: DMAR 000000009c6cc918 002A2 (v01 LENOVO THINKSYS 00000001 INTL 20091013)
[    0.000000] ACPI: HEST 000000009c6ccbc0 00348 (v01 LENOVO THINKSYS 00000001 INTL 00000001)
[    0.000000] ACPI: BERT 000000009c6ccf08 00030 (v01 LENOVO THINKSYS 00000001 INTL 00000001)
[    0.000000] ACPI: ERST 000000009c6ccf38 00230 (v01 LENOVO THINKSYS 00000001 INTL 00000001)
[    0.000000] ACPI: EINJ 000000009c6cd168 00150 (v01 LENOVO THINKSYS 00000001 INTL 00000001)
[    0.000000] ACPI: SSDT 000000009c6cd2b8 00448 (v02 LENOVO CDNTABLE 00001000 INTL 20140828)
[    0.000000] ACPI: SSDT 000000009c6cd700 00074 (v02 LENOVO PCHSLOTS 00001000 INTL 20140828)
[    0.000000] ACPI: WSMT 000000009c6cd778 00028 (v01 LENOVO THINKSYS 00000100 AMI  00010013)
[    0.000000] ACPI: FPDT 000000009c6cd7a0 00054 (v01 LENOVO THINKSYS 00000100 AMI  00010013)
[    0.000000] ACPI: Local APIC address 0xfee00000
[    0.000000] system APIC only can use physical flat
[    0.000000] Setting APIC routing to physical flat.
[    0.000000] SRAT: PXM 0 -> APIC 0x00 -> Node 0
[    0.000000] SRAT: PXM 0 -> APIC 0x02 -> Node 0
[    0.000000] SRAT: PXM 0 -> APIC 0x04 -> Node 0
[    0.000000] SRAT: PXM 0 -> APIC 0x06 -> Node 0
[    0.000000] SRAT: PXM 0 -> APIC 0x08 -> Node 0
[    0.000000] SRAT: PXM 0 -> APIC 0x10 -> Node 0
[    0.000000] SRAT: PXM 0 -> APIC 0x12 -> Node 0
[    0.000000] SRAT: PXM 0 -> APIC 0x14 -> Node 0
[    0.000000] SRAT: PXM 0 -> APIC 0x16 -> Node 0
[    0.000000] SRAT: PXM 0 -> APIC 0x18 -> Node 0
[    0.000000] SRAT: PXM 1 -> APIC 0x20 -> Node 1
[    0.000000] SRAT: PXM 1 -> APIC 0x22 -> Node 1
[    0.000000] SRAT: PXM 1 -> APIC 0x24 -> Node 1
[    0.000000] SRAT: PXM 1 -> APIC 0x26 -> Node 1
[    0.000000] SRAT: PXM 1 -> APIC 0x28 -> Node 1
[    0.000000] SRAT: PXM 1 -> APIC 0x30 -> Node 1
[    0.000000] SRAT: PXM 1 -> APIC 0x32 -> Node 1
[    0.000000] SRAT: PXM 1 -> APIC 0x34 -> Node 1
[    0.000000] SRAT: PXM 1 -> APIC 0x36 -> Node 1
[    0.000000] SRAT: PXM 1 -> APIC 0x38 -> Node 1
[    0.000000] SRAT: Node 0 PXM 0 [mem 0x00000000-0xbfffffff]
[    0.000000] SRAT: Node 0 PXM 0 [mem 0x100000000-0x43fffffff]
[    0.000000] SRAT: Node 2 PXM 4 [mem 0x440000000-0x433fffffff] non-volatile
[    0.000000] SRAT: Node 1 PXM 1 [mem 0x4340000000-0x473fffffff]
[    0.000000] SRAT: Node 3 PXM 5 [mem 0x4740000000-0x863fffffff] non-volatile
[    0.000000] NUMA: Initialized distance table, cnt=4
[    0.000000] NUMA: Node 0 [mem 0x00000000-0xbfffffff] + [mem 0x100000000-0x43fffffff] -> [mem 0x00000000-0x43fffffff]
[    0.000000] NODE_DATA(0) allocated [mem 0x43ffd9000-0x43fffffff]
[    0.000000] NODE_DATA(1) allocated [mem 0x473ffd8000-0x473fffefff]
[    0.000000] Reserving 162MB of memory at 688MB for crashkernel (System RAM: 32304MB)
[    0.000000] Zone ranges:
[    0.000000]   DMA      [mem 0x00001000-0x00ffffff]
[    0.000000]   DMA32    [mem 0x01000000-0xffffffff]
[    0.000000]   Normal   [mem 0x100000000-0x473fffffff]
[    0.000000] Movable zone start for each node
[    0.000000] Early memory node ranges
[    0.000000]   node   0: [mem 0x00001000-0x0009cfff]
[    0.000000]   node   0: [mem 0x00100000-0x9c1c0fff]
[    0.000000]   node   0: [mem 0x9d38c000-0x9f38dfff]
[    0.000000]   node   0: [mem 0xab035000-0xafbeafff]
[    0.000000]   node   0: [mem 0xafc1d000-0xafffffff]
[    0.000000]   node   0: [mem 0x100000000-0x43fffffff]
[    0.000000]   node   1: [mem 0x4340000000-0x473fffffff]
[    0.000000] Initmem setup node 0 [mem 0x00001000-0x43fffffff]
[    0.000000] On node 0 totalpages: 4075768
[    0.000000]   DMA zone: 64 pages used for memmap
[    0.000000]   DMA zone: 21 pages reserved
[    0.000000]   DMA zone: 3996 pages, LIFO batch:0
[    0.000000]   DMA32 zone: 10374 pages used for memmap
[    0.000000]   DMA32 zone: 663900 pages, LIFO batch:31
[    0.000000]   Normal zone: 53248 pages used for memmap
[    0.000000]   Normal zone: 3407872 pages, LIFO batch:31
[    0.000000] Initmem setup node 1 [mem 0x4340000000-0x473fffffff]
[    0.000000] On node 1 totalpages: 4194304
[    0.000000]   Normal zone: 65536 pages used for memmap
[    0.000000]   Normal zone: 4194304 pages, LIFO batch:31
[    0.000000] ACPI: PM-Timer IO Port: 0x508
[    0.000000] ACPI: Local APIC address 0xfee00000
[    0.000000] system APIC only can use physical flat
[    0.000000] ACPI: LAPIC (acpi_id[0x00] lapic_id[0x00] enabled)
[    0.000000] ACPI: LAPIC (acpi_id[0x01] lapic_id[0x02] enabled)
[    0.000000] ACPI: LAPIC (acpi_id[0x02] lapic_id[0x04] enabled)
[    0.000000] ACPI: LAPIC (acpi_id[0x03] lapic_id[0x06] enabled)
[    0.000000] ACPI: LAPIC (acpi_id[0x04] lapic_id[0x08] enabled)
[    0.000000] ACPI: LAPIC (acpi_id[0x05] lapic_id[0x10] enabled)
[    0.000000] ACPI: LAPIC (acpi_id[0x06] lapic_id[0x12] enabled)
[    0.000000] ACPI: LAPIC (acpi_id[0x07] lapic_id[0x14] enabled)
[    0.000000] ACPI: LAPIC (acpi_id[0x08] lapic_id[0x16] enabled)
[    0.000000] ACPI: LAPIC (acpi_id[0x09] lapic_id[0x18] enabled)
[    0.000000] ACPI: LAPIC (acpi_id[0x20] lapic_id[0x20] enabled)
[    0.000000] ACPI: LAPIC (acpi_id[0x21] lapic_id[0x22] enabled)
[    0.000000] ACPI: LAPIC (acpi_id[0x22] lapic_id[0x24] enabled)
[    0.000000] ACPI: LAPIC (acpi_id[0x23] lapic_id[0x26] enabled)
[    0.000000] ACPI: LAPIC (acpi_id[0x24] lapic_id[0x28] enabled)
[    0.000000] ACPI: LAPIC (acpi_id[0x25] lapic_id[0x30] enabled)
[    0.000000] ACPI: LAPIC (acpi_id[0x26] lapic_id[0x32] enabled)
[    0.000000] ACPI: LAPIC (acpi_id[0x27] lapic_id[0x34] enabled)
[    0.000000] ACPI: LAPIC (acpi_id[0x28] lapic_id[0x36] enabled)
[    0.000000] ACPI: LAPIC (acpi_id[0x29] lapic_id[0x38] enabled)
[    0.000000] ACPI: LAPIC (acpi_id[0xff] lapic_id[0xff] disabled)
[    0.000000] ACPI: LAPIC (acpi_id[0xff] lapic_id[0xff] disabled)
[    0.000000] ACPI: LAPIC (acpi_id[0xff] lapic_id[0xff] disabled)
[    0.000000] ACPI: LAPIC (acpi_id[0xff] lapic_id[0xff] disabled)
[    0.000000] ACPI: LAPIC (acpi_id[0xff] lapic_id[0xff] disabled)
[    0.000000] ACPI: LAPIC (acpi_id[0xff] lapic_id[0xff] disabled)
[    0.000000] ACPI: LAPIC (acpi_id[0xff] lapic_id[0xff] disabled)
[    0.000000] ACPI: LAPIC (acpi_id[0xff] lapic_id[0xff] disabled)
[    0.000000] ACPI: LAPIC (acpi_id[0xff] lapic_id[0xff] disabled)
[    0.000000] ACPI: LAPIC (acpi_id[0xff] lapic_id[0xff] disabled)
[    0.000000] ACPI: LAPIC (acpi_id[0xff] lapic_id[0xff] disabled)
[    0.000000] ACPI: LAPIC (acpi_id[0xff] lapic_id[0xff] disabled)
[    0.000000] ACPI: LAPIC (acpi_id[0xff] lapic_id[0xff] disabled)
[    0.000000] ACPI: LAPIC (acpi_id[0xff] lapic_id[0xff] disabled)
[    0.000000] ACPI: LAPIC (acpi_id[0xff] lapic_id[0xff] disabled)
[    0.000000] ACPI: LAPIC (acpi_id[0xff] lapic_id[0xff] disabled)
[    0.000000] ACPI: LAPIC (acpi_id[0xff] lapic_id[0xff] disabled)
[    0.000000] ACPI: LAPIC (acpi_id[0xff] lapic_id[0xff] disabled)
[    0.000000] ACPI: LAPIC (acpi_id[0xff] lapic_id[0xff] disabled)
[    0.000000] ACPI: LAPIC (acpi_id[0xff] lapic_id[0xff] disabled)
[    0.000000] ACPI: LAPIC (acpi_id[0xff] lapic_id[0xff] disabled)
[    0.000000] ACPI: LAPIC (acpi_id[0xff] lapic_id[0xff] disabled)
[    0.000000] ACPI: LAPIC (acpi_id[0xff] lapic_id[0xff] disabled)
[    0.000000] ACPI: LAPIC (acpi_id[0xff] lapic_id[0xff] disabled)
[    0.000000] ACPI: LAPIC (acpi_id[0xff] lapic_id[0xff] disabled)
[    0.000000] ACPI: LAPIC (acpi_id[0xff] lapic_id[0xff] disabled)
[    0.000000] ACPI: LAPIC (acpi_id[0xff] lapic_id[0xff] disabled)
[    0.000000] ACPI: LAPIC (acpi_id[0xff] lapic_id[0xff] disabled)
[    0.000000] ACPI: LAPIC (acpi_id[0xff] lapic_id[0xff] disabled)
[    0.000000] ACPI: LAPIC (acpi_id[0xff] lapic_id[0xff] disabled)
[    0.000000] ACPI: LAPIC (acpi_id[0xff] lapic_id[0xff] disabled)
[    0.000000] ACPI: LAPIC (acpi_id[0xff] lapic_id[0xff] disabled)
[    0.000000] ACPI: LAPIC (acpi_id[0xff] lapic_id[0xff] disabled)
[    0.000000] ACPI: LAPIC (acpi_id[0xff] lapic_id[0xff] disabled)
[    0.000000] ACPI: LAPIC (acpi_id[0xff] lapic_id[0xff] disabled)
[    0.000000] ACPI: LAPIC (acpi_id[0xff] lapic_id[0xff] disabled)
[    0.000000] ACPI: LAPIC (acpi_id[0xff] lapic_id[0xff] disabled)
[    0.000000] ACPI: LAPIC (acpi_id[0xff] lapic_id[0xff] disabled)
[    0.000000] ACPI: LAPIC (acpi_id[0xff] lapic_id[0xff] disabled)
[    0.000000] ACPI: LAPIC (acpi_id[0xff] lapic_id[0xff] disabled)
[    0.000000] ACPI: LAPIC (acpi_id[0xff] lapic_id[0xff] disabled)
[    0.000000] ACPI: LAPIC (acpi_id[0xff] lapic_id[0xff] disabled)
[    0.000000] ACPI: LAPIC (acpi_id[0xff] lapic_id[0xff] disabled)
[    0.000000] ACPI: LAPIC (acpi_id[0xff] lapic_id[0xff] disabled)
[    0.000000] ACPI: LAPIC (acpi_id[0xff] lapic_id[0xff] disabled)
[    0.000000] ACPI: LAPIC (acpi_id[0xff] lapic_id[0xff] disabled)
[    0.000000] ACPI: LAPIC (acpi_id[0xff] lapic_id[0xff] disabled)
[    0.000000] ACPI: LAPIC (acpi_id[0xff] lapic_id[0xff] disabled)
[    0.000000] ACPI: LAPIC (acpi_id[0xff] lapic_id[0xff] disabled)
[    0.000000] ACPI: LAPIC (acpi_id[0xff] lapic_id[0xff] disabled)
[    0.000000] ACPI: LAPIC (acpi_id[0xff] lapic_id[0xff] disabled)
[    0.000000] ACPI: LAPIC (acpi_id[0xff] lapic_id[0xff] disabled)
[    0.000000] ACPI: LAPIC (acpi_id[0xff] lapic_id[0xff] disabled)
[    0.000000] ACPI: LAPIC (acpi_id[0xff] lapic_id[0xff] disabled)
[    0.000000] ACPI: LAPIC (acpi_id[0xff] lapic_id[0xff] disabled)
[    0.000000] ACPI: LAPIC (acpi_id[0xff] lapic_id[0xff] disabled)
[    0.000000] ACPI: LAPIC (acpi_id[0xff] lapic_id[0xff] disabled)
[    0.000000] ACPI: LAPIC (acpi_id[0xff] lapic_id[0xff] disabled)
[    0.000000] ACPI: LAPIC (acpi_id[0xff] lapic_id[0xff] disabled)
[    0.000000] ACPI: LAPIC (acpi_id[0xff] lapic_id[0xff] disabled)
[    0.000000] ACPI: LAPIC (acpi_id[0xff] lapic_id[0xff] disabled)
[    0.000000] ACPI: LAPIC (acpi_id[0xff] lapic_id[0xff] disabled)
[    0.000000] ACPI: LAPIC (acpi_id[0xff] lapic_id[0xff] disabled)
[    0.000000] ACPI: LAPIC (acpi_id[0xff] lapic_id[0xff] disabled)
[    0.000000] ACPI: LAPIC (acpi_id[0xff] lapic_id[0xff] disabled)
[    0.000000] ACPI: LAPIC (acpi_id[0xff] lapic_id[0xff] disabled)
[    0.000000] ACPI: LAPIC (acpi_id[0xff] lapic_id[0xff] disabled)
[    0.000000] ACPI: LAPIC (acpi_id[0xff] lapic_id[0xff] disabled)
[    0.000000] ACPI: LAPIC (acpi_id[0xff] lapic_id[0xff] disabled)
[    0.000000] ACPI: LAPIC (acpi_id[0xff] lapic_id[0xff] disabled)
[    0.000000] ACPI: LAPIC (acpi_id[0xff] lapic_id[0xff] disabled)
[    0.000000] ACPI: LAPIC (acpi_id[0xff] lapic_id[0xff] disabled)
[    0.000000] ACPI: LAPIC (acpi_id[0xff] lapic_id[0xff] disabled)
[    0.000000] ACPI: LAPIC (acpi_id[0xff] lapic_id[0xff] disabled)
[    0.000000] ACPI: LAPIC (acpi_id[0xff] lapic_id[0xff] disabled)
[    0.000000] ACPI: LAPIC (acpi_id[0xff] lapic_id[0xff] disabled)
[    0.000000] ACPI: LAPIC (acpi_id[0xff] lapic_id[0xff] disabled)
[    0.000000] ACPI: LAPIC (acpi_id[0xff] lapic_id[0xff] disabled)
[    0.000000] ACPI: LAPIC (acpi_id[0xff] lapic_id[0xff] disabled)
[    0.000000] ACPI: LAPIC (acpi_id[0xff] lapic_id[0xff] disabled)
[    0.000000] ACPI: LAPIC (acpi_id[0xff] lapic_id[0xff] disabled)
[    0.000000] ACPI: LAPIC (acpi_id[0xff] lapic_id[0xff] disabled)
[    0.000000] ACPI: LAPIC (acpi_id[0xff] lapic_id[0xff] disabled)
[    0.000000] ACPI: LAPIC (acpi_id[0xff] lapic_id[0xff] disabled)
[    0.000000] ACPI: LAPIC (acpi_id[0xff] lapic_id[0xff] disabled)
[    0.000000] ACPI: LAPIC (acpi_id[0xff] lapic_id[0xff] disabled)
[    0.000000] ACPI: LAPIC (acpi_id[0xff] lapic_id[0xff] disabled)
[    0.000000] ACPI: LAPIC (acpi_id[0xff] lapic_id[0xff] disabled)
[    0.000000] ACPI: LAPIC (acpi_id[0xff] lapic_id[0xff] disabled)
[    0.000000] ACPI: LAPIC (acpi_id[0xff] lapic_id[0xff] disabled)
[    0.000000] ACPI: LAPIC (acpi_id[0xff] lapic_id[0xff] disabled)
[    0.000000] ACPI: LAPIC (acpi_id[0xff] lapic_id[0xff] disabled)
[    0.000000] ACPI: LAPIC (acpi_id[0xff] lapic_id[0xff] disabled)
[    0.000000] ACPI: LAPIC (acpi_id[0xff] lapic_id[0xff] disabled)
[    0.000000] ACPI: LAPIC (acpi_id[0xff] lapic_id[0xff] disabled)
[    0.000000] ACPI: LAPIC (acpi_id[0xff] lapic_id[0xff] disabled)
[    0.000000] ACPI: LAPIC (acpi_id[0xff] lapic_id[0xff] disabled)
[    0.000000] ACPI: LAPIC (acpi_id[0xff] lapic_id[0xff] disabled)
[    0.000000] ACPI: LAPIC (acpi_id[0xff] lapic_id[0xff] disabled)
[    0.000000] ACPI: LAPIC (acpi_id[0xff] lapic_id[0xff] disabled)
[    0.000000] ACPI: LAPIC (acpi_id[0xff] lapic_id[0xff] disabled)
[    0.000000] ACPI: LAPIC (acpi_id[0xff] lapic_id[0xff] disabled)
[    0.000000] ACPI: LAPIC (acpi_id[0xff] lapic_id[0xff] disabled)
[    0.000000] ACPI: LAPIC (acpi_id[0xff] lapic_id[0xff] disabled)
[    0.000000] ACPI: LAPIC (acpi_id[0xff] lapic_id[0xff] disabled)
[    0.000000] ACPI: LAPIC (acpi_id[0xff] lapic_id[0xff] disabled)
[    0.000000] ACPI: LAPIC (acpi_id[0xff] lapic_id[0xff] disabled)
[    0.000000] ACPI: LAPIC (acpi_id[0xff] lapic_id[0xff] disabled)
[    0.000000] ACPI: LAPIC (acpi_id[0xff] lapic_id[0xff] disabled)
[    0.000000] ACPI: LAPIC (acpi_id[0xff] lapic_id[0xff] disabled)
[    0.000000] ACPI: LAPIC (acpi_id[0xff] lapic_id[0xff] disabled)
[    0.000000] ACPI: LAPIC (acpi_id[0xff] lapic_id[0xff] disabled)
[    0.000000] ACPI: LAPIC (acpi_id[0xff] lapic_id[0xff] disabled)
[    0.000000] ACPI: LAPIC (acpi_id[0xff] lapic_id[0xff] disabled)
[    0.000000] ACPI: LAPIC (acpi_id[0xff] lapic_id[0xff] disabled)
[    0.000000] ACPI: LAPIC (acpi_id[0xff] lapic_id[0xff] disabled)
[    0.000000] ACPI: LAPIC (acpi_id[0xff] lapic_id[0xff] disabled)
[    0.000000] ACPI: LAPIC (acpi_id[0xff] lapic_id[0xff] disabled)
[    0.000000] ACPI: LAPIC (acpi_id[0xff] lapic_id[0xff] disabled)
[    0.000000] ACPI: LAPIC (acpi_id[0xff] lapic_id[0xff] disabled)
[    0.000000] ACPI: LAPIC (acpi_id[0xff] lapic_id[0xff] disabled)
[    0.000000] ACPI: LAPIC (acpi_id[0xff] lapic_id[0xff] disabled)
[    0.000000] ACPI: LAPIC (acpi_id[0xff] lapic_id[0xff] disabled)
[    0.000000] ACPI: LAPIC (acpi_id[0xff] lapic_id[0xff] disabled)
[    0.000000] ACPI: LAPIC (acpi_id[0xff] lapic_id[0xff] disabled)
[    0.000000] ACPI: LAPIC (acpi_id[0xff] lapic_id[0xff] disabled)
[    0.000000] ACPI: LAPIC (acpi_id[0xff] lapic_id[0xff] disabled)
[    0.000000] ACPI: LAPIC (acpi_id[0xff] lapic_id[0xff] disabled)
[    0.000000] ACPI: LAPIC (acpi_id[0xff] lapic_id[0xff] disabled)
[    0.000000] ACPI: LAPIC (acpi_id[0xff] lapic_id[0xff] disabled)
[    0.000000] ACPI: LAPIC (acpi_id[0xff] lapic_id[0xff] disabled)
[    0.000000] ACPI: LAPIC (acpi_id[0xff] lapic_id[0xff] disabled)
[    0.000000] ACPI: LAPIC (acpi_id[0xff] lapic_id[0xff] disabled)
[    0.000000] ACPI: LAPIC (acpi_id[0xff] lapic_id[0xff] disabled)
[    0.000000] ACPI: LAPIC (acpi_id[0xff] lapic_id[0xff] disabled)
[    0.000000] ACPI: LAPIC (acpi_id[0xff] lapic_id[0xff] disabled)
[    0.000000] ACPI: LAPIC (acpi_id[0xff] lapic_id[0xff] disabled)
[    0.000000] ACPI: LAPIC (acpi_id[0xff] lapic_id[0xff] disabled)
[    0.000000] ACPI: LAPIC (acpi_id[0xff] lapic_id[0xff] disabled)
[    0.000000] ACPI: LAPIC (acpi_id[0xff] lapic_id[0xff] disabled)
[    0.000000] ACPI: LAPIC (acpi_id[0xff] lapic_id[0xff] disabled)
[    0.000000] ACPI: LAPIC (acpi_id[0xff] lapic_id[0xff] disabled)
[    0.000000] ACPI: LAPIC (acpi_id[0xff] lapic_id[0xff] disabled)
[    0.000000] ACPI: LAPIC (acpi_id[0xff] lapic_id[0xff] disabled)
[    0.000000] ACPI: LAPIC (acpi_id[0xff] lapic_id[0xff] disabled)
[    0.000000] ACPI: LAPIC (acpi_id[0xff] lapic_id[0xff] disabled)
[    0.000000] ACPI: LAPIC (acpi_id[0xff] lapic_id[0xff] disabled)
[    0.000000] ACPI: LAPIC (acpi_id[0xff] lapic_id[0xff] disabled)
[    0.000000] ACPI: LAPIC (acpi_id[0xff] lapic_id[0xff] disabled)
[    0.000000] ACPI: LAPIC (acpi_id[0xff] lapic_id[0xff] disabled)
[    0.000000] ACPI: LAPIC (acpi_id[0xff] lapic_id[0xff] disabled)
[    0.000000] ACPI: LAPIC (acpi_id[0xff] lapic_id[0xff] disabled)
[    0.000000] ACPI: LAPIC (acpi_id[0xff] lapic_id[0xff] disabled)
[    0.000000] ACPI: LAPIC (acpi_id[0xff] lapic_id[0xff] disabled)
[    0.000000] ACPI: LAPIC (acpi_id[0xff] lapic_id[0xff] disabled)
[    0.000000] ACPI: LAPIC (acpi_id[0xff] lapic_id[0xff] disabled)
[    0.000000] ACPI: LAPIC (acpi_id[0xff] lapic_id[0xff] disabled)
[    0.000000] ACPI: LAPIC (acpi_id[0xff] lapic_id[0xff] disabled)
[    0.000000] ACPI: LAPIC (acpi_id[0xff] lapic_id[0xff] disabled)
[    0.000000] ACPI: LAPIC (acpi_id[0xff] lapic_id[0xff] disabled)
[    0.000000] ACPI: LAPIC (acpi_id[0xff] lapic_id[0xff] disabled)
[    0.000000] ACPI: LAPIC (acpi_id[0xff] lapic_id[0xff] disabled)
[    0.000000] ACPI: LAPIC (acpi_id[0xff] lapic_id[0xff] disabled)
[    0.000000] ACPI: LAPIC (acpi_id[0xff] lapic_id[0xff] disabled)
[    0.000000] ACPI: LAPIC (acpi_id[0xff] lapic_id[0xff] disabled)
[    0.000000] ACPI: LAPIC (acpi_id[0xff] lapic_id[0xff] disabled)
[    0.000000] ACPI: LAPIC (acpi_id[0xff] lapic_id[0xff] disabled)
[    0.000000] ACPI: LAPIC (acpi_id[0xff] lapic_id[0xff] disabled)
[    0.000000] ACPI: LAPIC (acpi_id[0xff] lapic_id[0xff] disabled)
[    0.000000] ACPI: LAPIC (acpi_id[0xff] lapic_id[0xff] disabled)
[    0.000000] ACPI: LAPIC (acpi_id[0xff] lapic_id[0xff] disabled)
[    0.000000] ACPI: LAPIC (acpi_id[0xff] lapic_id[0xff] disabled)
[    0.000000] ACPI: LAPIC (acpi_id[0xff] lapic_id[0xff] disabled)
[    0.000000] ACPI: LAPIC (acpi_id[0xff] lapic_id[0xff] disabled)
[    0.000000] ACPI: LAPIC (acpi_id[0xff] lapic_id[0xff] disabled)
[    0.000000] ACPI: LAPIC (acpi_id[0xff] lapic_id[0xff] disabled)
[    0.000000] ACPI: LAPIC (acpi_id[0xff] lapic_id[0xff] disabled)
[    0.000000] ACPI: LAPIC (acpi_id[0xff] lapic_id[0xff] disabled)
[    0.000000] ACPI: LAPIC (acpi_id[0xff] lapic_id[0xff] disabled)
[    0.000000] ACPI: LAPIC (acpi_id[0xff] lapic_id[0xff] disabled)
[    0.000000] ACPI: LAPIC (acpi_id[0xff] lapic_id[0xff] disabled)
[    0.000000] ACPI: LAPIC (acpi_id[0xff] lapic_id[0xff] disabled)
[    0.000000] ACPI: LAPIC (acpi_id[0xff] lapic_id[0xff] disabled)
[    0.000000] ACPI: LAPIC (acpi_id[0xff] lapic_id[0xff] disabled)
[    0.000000] ACPI: LAPIC (acpi_id[0xff] lapic_id[0xff] disabled)
[    0.000000] ACPI: LAPIC (acpi_id[0xff] lapic_id[0xff] disabled)
[    0.000000] ACPI: LAPIC (acpi_id[0xff] lapic_id[0xff] disabled)
[    0.000000] ACPI: LAPIC (acpi_id[0xff] lapic_id[0xff] disabled)
[    0.000000] ACPI: LAPIC (acpi_id[0xff] lapic_id[0xff] disabled)
[    0.000000] ACPI: LAPIC (acpi_id[0xff] lapic_id[0xff] disabled)
[    0.000000] ACPI: LAPIC (acpi_id[0xff] lapic_id[0xff] disabled)
[    0.000000] ACPI: LAPIC (acpi_id[0xff] lapic_id[0xff] disabled)
[    0.000000] ACPI: LAPIC (acpi_id[0xff] lapic_id[0xff] disabled)
[    0.000000] ACPI: LAPIC (acpi_id[0xff] lapic_id[0xff] disabled)
[    0.000000] ACPI: LAPIC (acpi_id[0xff] lapic_id[0xff] disabled)
[    0.000000] ACPI: LAPIC (acpi_id[0xff] lapic_id[0xff] disabled)
[    0.000000] ACPI: LAPIC (acpi_id[0xff] lapic_id[0xff] disabled)
[    0.000000] ACPI: LAPIC (acpi_id[0xff] lapic_id[0xff] disabled)
[    0.000000] ACPI: LAPIC (acpi_id[0xff] lapic_id[0xff] disabled)
[    0.000000] ACPI: LAPIC (acpi_id[0xff] lapic_id[0xff] disabled)
[    0.000000] ACPI: LAPIC (acpi_id[0xff] lapic_id[0xff] disabled)
[    0.000000] ACPI: LAPIC (acpi_id[0xff] lapic_id[0xff] disabled)
[    0.000000] ACPI: LAPIC (acpi_id[0xff] lapic_id[0xff] disabled)
[    0.000000] ACPI: LAPIC (acpi_id[0xff] lapic_id[0xff] disabled)
[    0.000000] ACPI: X2APIC (apic_id[0xffffffff] uid[0x00] disabled)
[    0.000000] ACPI: X2APIC (apic_id[0xffffffff] uid[0x01] disabled)
[    0.000000] ACPI: X2APIC (apic_id[0xffffffff] uid[0x02] disabled)
[    0.000000] ACPI: X2APIC (apic_id[0xffffffff] uid[0x03] disabled)
[    0.000000] ACPI: X2APIC (apic_id[0xffffffff] uid[0x04] disabled)
[    0.000000] ACPI: X2APIC (apic_id[0xffffffff] uid[0x05] disabled)
[    0.000000] ACPI: X2APIC (apic_id[0xffffffff] uid[0x06] disabled)
[    0.000000] ACPI: X2APIC (apic_id[0xffffffff] uid[0x07] disabled)
[    0.000000] ACPI: X2APIC (apic_id[0xffffffff] uid[0x08] disabled)
[    0.000000] ACPI: X2APIC (apic_id[0xffffffff] uid[0x09] disabled)
[    0.000000] ACPI: X2APIC (apic_id[0xffffffff] uid[0x0a] disabled)
[    0.000000] ACPI: X2APIC (apic_id[0xffffffff] uid[0x0b] disabled)
[    0.000000] ACPI: X2APIC (apic_id[0xffffffff] uid[0x0c] disabled)
[    0.000000] ACPI: X2APIC (apic_id[0xffffffff] uid[0x0d] disabled)
[    0.000000] ACPI: X2APIC (apic_id[0xffffffff] uid[0x0e] disabled)
[    0.000000] ACPI: X2APIC (apic_id[0xffffffff] uid[0x0f] disabled)
[    0.000000] ACPI: X2APIC (apic_id[0xffffffff] uid[0x10] disabled)
[    0.000000] ACPI: X2APIC (apic_id[0xffffffff] uid[0x11] disabled)
[    0.000000] ACPI: X2APIC (apic_id[0xffffffff] uid[0x12] disabled)
[    0.000000] ACPI: X2APIC (apic_id[0xffffffff] uid[0x13] disabled)
[    0.000000] ACPI: X2APIC (apic_id[0xffffffff] uid[0x14] disabled)
[    0.000000] ACPI: X2APIC (apic_id[0xffffffff] uid[0x15] disabled)
[    0.000000] ACPI: X2APIC (apic_id[0xffffffff] uid[0x16] disabled)
[    0.000000] ACPI: X2APIC (apic_id[0xffffffff] uid[0x17] disabled)
[    0.000000] ACPI: X2APIC (apic_id[0xffffffff] uid[0x18] disabled)
[    0.000000] ACPI: X2APIC (apic_id[0xffffffff] uid[0x19] disabled)
[    0.000000] ACPI: X2APIC (apic_id[0xffffffff] uid[0x1a] disabled)
[    0.000000] ACPI: X2APIC (apic_id[0xffffffff] uid[0x1b] disabled)
[    0.000000] ACPI: X2APIC (apic_id[0xffffffff] uid[0x1c] disabled)
[    0.000000] ACPI: X2APIC (apic_id[0xffffffff] uid[0x1d] disabled)
[    0.000000] ACPI: X2APIC (apic_id[0xffffffff] uid[0x1e] disabled)
[    0.000000] ACPI: X2APIC (apic_id[0xffffffff] uid[0x1f] disabled)
[    0.000000] ACPI: X2APIC (apic_id[0xffffffff] uid[0x20] disabled)
[    0.000000] ACPI: X2APIC (apic_id[0xffffffff] uid[0x21] disabled)
[    0.000000] ACPI: X2APIC (apic_id[0xffffffff] uid[0x22] disabled)
[    0.000000] ACPI: X2APIC (apic_id[0xffffffff] uid[0x23] disabled)
[    0.000000] ACPI: X2APIC (apic_id[0xffffffff] uid[0x24] disabled)
[    0.000000] ACPI: X2APIC (apic_id[0xffffffff] uid[0x25] disabled)
[    0.000000] ACPI: X2APIC (apic_id[0xffffffff] uid[0x26] disabled)
[    0.000000] ACPI: X2APIC (apic_id[0xffffffff] uid[0x27] disabled)
[    0.000000] ACPI: X2APIC (apic_id[0xffffffff] uid[0x28] disabled)
[    0.000000] ACPI: X2APIC (apic_id[0xffffffff] uid[0x29] disabled)
[    0.000000] ACPI: X2APIC (apic_id[0xffffffff] uid[0x2a] disabled)
[    0.000000] ACPI: X2APIC (apic_id[0xffffffff] uid[0x2b] disabled)
[    0.000000] ACPI: X2APIC (apic_id[0xffffffff] uid[0x2c] disabled)
[    0.000000] ACPI: X2APIC (apic_id[0xffffffff] uid[0x2d] disabled)
[    0.000000] ACPI: X2APIC (apic_id[0xffffffff] uid[0x2e] disabled)
[    0.000000] ACPI: X2APIC (apic_id[0xffffffff] uid[0x2f] disabled)
[    0.000000] ACPI: X2APIC (apic_id[0xffffffff] uid[0x30] disabled)
[    0.000000] ACPI: X2APIC (apic_id[0xffffffff] uid[0x31] disabled)
[    0.000000] ACPI: X2APIC (apic_id[0xffffffff] uid[0x32] disabled)
[    0.000000] ACPI: X2APIC (apic_id[0xffffffff] uid[0x33] disabled)
[    0.000000] ACPI: X2APIC (apic_id[0xffffffff] uid[0x34] disabled)
[    0.000000] ACPI: X2APIC (apic_id[0xffffffff] uid[0x35] disabled)
[    0.000000] ACPI: X2APIC (apic_id[0xffffffff] uid[0x36] disabled)
[    0.000000] ACPI: X2APIC (apic_id[0xffffffff] uid[0x37] disabled)
[    0.000000] ACPI: X2APIC (apic_id[0xffffffff] uid[0x38] disabled)
[    0.000000] ACPI: X2APIC (apic_id[0xffffffff] uid[0x39] disabled)
[    0.000000] ACPI: X2APIC (apic_id[0xffffffff] uid[0x3a] disabled)
[    0.000000] ACPI: X2APIC (apic_id[0xffffffff] uid[0x3b] disabled)
[    0.000000] ACPI: X2APIC (apic_id[0xffffffff] uid[0x3c] disabled)
[    0.000000] ACPI: X2APIC (apic_id[0xffffffff] uid[0x3d] disabled)
[    0.000000] ACPI: X2APIC (apic_id[0xffffffff] uid[0x3e] disabled)
[    0.000000] ACPI: X2APIC (apic_id[0xffffffff] uid[0x3f] disabled)
[    0.000000] ACPI: X2APIC (apic_id[0xffffffff] uid[0x40] disabled)
[    0.000000] ACPI: X2APIC (apic_id[0xffffffff] uid[0x41] disabled)
[    0.000000] ACPI: X2APIC (apic_id[0xffffffff] uid[0x42] disabled)
[    0.000000] ACPI: X2APIC (apic_id[0xffffffff] uid[0x43] disabled)
[    0.000000] ACPI: X2APIC (apic_id[0xffffffff] uid[0x44] disabled)
[    0.000000] ACPI: X2APIC (apic_id[0xffffffff] uid[0x45] disabled)
[    0.000000] ACPI: X2APIC (apic_id[0xffffffff] uid[0x46] disabled)
[    0.000000] ACPI: X2APIC (apic_id[0xffffffff] uid[0x47] disabled)
[    0.000000] ACPI: X2APIC (apic_id[0xffffffff] uid[0x48] disabled)
[    0.000000] ACPI: X2APIC (apic_id[0xffffffff] uid[0x49] disabled)
[    0.000000] ACPI: X2APIC (apic_id[0xffffffff] uid[0x4a] disabled)
[    0.000000] ACPI: X2APIC (apic_id[0xffffffff] uid[0x4b] disabled)
[    0.000000] ACPI: X2APIC (apic_id[0xffffffff] uid[0x4c] disabled)
[    0.000000] ACPI: X2APIC (apic_id[0xffffffff] uid[0x4d] disabled)
[    0.000000] ACPI: X2APIC (apic_id[0xffffffff] uid[0x4e] disabled)
[    0.000000] ACPI: X2APIC (apic_id[0xffffffff] uid[0x4f] disabled)
[    0.000000] ACPI: X2APIC (apic_id[0xffffffff] uid[0x50] disabled)
[    0.000000] ACPI: X2APIC (apic_id[0xffffffff] uid[0x51] disabled)
[    0.000000] ACPI: X2APIC (apic_id[0xffffffff] uid[0x52] disabled)
[    0.000000] ACPI: X2APIC (apic_id[0xffffffff] uid[0x53] disabled)
[    0.000000] ACPI: X2APIC (apic_id[0xffffffff] uid[0x54] disabled)
[    0.000000] ACPI: X2APIC (apic_id[0xffffffff] uid[0x55] disabled)
[    0.000000] ACPI: X2APIC (apic_id[0xffffffff] uid[0x56] disabled)
[    0.000000] ACPI: X2APIC (apic_id[0xffffffff] uid[0x57] disabled)
[    0.000000] ACPI: X2APIC (apic_id[0xffffffff] uid[0x58] disabled)
[    0.000000] ACPI: X2APIC (apic_id[0xffffffff] uid[0x59] disabled)
[    0.000000] ACPI: X2APIC (apic_id[0xffffffff] uid[0x5a] disabled)
[    0.000000] ACPI: X2APIC (apic_id[0xffffffff] uid[0x5b] disabled)
[    0.000000] ACPI: X2APIC (apic_id[0xffffffff] uid[0x5c] disabled)
[    0.000000] ACPI: X2APIC (apic_id[0xffffffff] uid[0x5d] disabled)
[    0.000000] ACPI: X2APIC (apic_id[0xffffffff] uid[0x5e] disabled)
[    0.000000] ACPI: X2APIC (apic_id[0xffffffff] uid[0x5f] disabled)
[    0.000000] ACPI: X2APIC (apic_id[0xffffffff] uid[0x60] disabled)
[    0.000000] ACPI: X2APIC (apic_id[0xffffffff] uid[0x61] disabled)
[    0.000000] ACPI: X2APIC (apic_id[0xffffffff] uid[0x62] disabled)
[    0.000000] ACPI: X2APIC (apic_id[0xffffffff] uid[0x63] disabled)
[    0.000000] ACPI: X2APIC (apic_id[0xffffffff] uid[0x64] disabled)
[    0.000000] ACPI: X2APIC (apic_id[0xffffffff] uid[0x65] disabled)
[    0.000000] ACPI: X2APIC (apic_id[0xffffffff] uid[0x66] disabled)
[    0.000000] ACPI: X2APIC (apic_id[0xffffffff] uid[0x67] disabled)
[    0.000000] ACPI: X2APIC (apic_id[0xffffffff] uid[0x68] disabled)
[    0.000000] ACPI: X2APIC (apic_id[0xffffffff] uid[0x69] disabled)
[    0.000000] ACPI: X2APIC (apic_id[0xffffffff] uid[0x6a] disabled)
[    0.000000] ACPI: X2APIC (apic_id[0xffffffff] uid[0x6b] disabled)
[    0.000000] ACPI: X2APIC (apic_id[0xffffffff] uid[0x6c] disabled)
[    0.000000] ACPI: X2APIC (apic_id[0xffffffff] uid[0x6d] disabled)
[    0.000000] ACPI: X2APIC (apic_id[0xffffffff] uid[0x6e] disabled)
[    0.000000] ACPI: X2APIC (apic_id[0xffffffff] uid[0x6f] disabled)
[    0.000000] ACPI: X2APIC (apic_id[0xffffffff] uid[0x70] disabled)
[    0.000000] ACPI: X2APIC (apic_id[0xffffffff] uid[0x71] disabled)
[    0.000000] ACPI: X2APIC (apic_id[0xffffffff] uid[0x72] disabled)
[    0.000000] ACPI: X2APIC (apic_id[0xffffffff] uid[0x73] disabled)
[    0.000000] ACPI: X2APIC (apic_id[0xffffffff] uid[0x74] disabled)
[    0.000000] ACPI: X2APIC (apic_id[0xffffffff] uid[0x75] disabled)
[    0.000000] ACPI: X2APIC (apic_id[0xffffffff] uid[0x76] disabled)
[    0.000000] ACPI: X2APIC (apic_id[0xffffffff] uid[0x77] disabled)
[    0.000000] ACPI: X2APIC (apic_id[0xffffffff] uid[0x78] disabled)
[    0.000000] ACPI: X2APIC (apic_id[0xffffffff] uid[0x79] disabled)
[    0.000000] ACPI: X2APIC (apic_id[0xffffffff] uid[0x7a] disabled)
[    0.000000] ACPI: X2APIC (apic_id[0xffffffff] uid[0x7b] disabled)
[    0.000000] ACPI: X2APIC (apic_id[0xffffffff] uid[0x7c] disabled)
[    0.000000] ACPI: X2APIC (apic_id[0xffffffff] uid[0x7d] disabled)
[    0.000000] ACPI: X2APIC (apic_id[0xffffffff] uid[0x7e] disabled)
[    0.000000] ACPI: X2APIC (apic_id[0xffffffff] uid[0x7f] disabled)
[    0.000000] ACPI: X2APIC (apic_id[0xffffffff] uid[0x80] disabled)
[    0.000000] ACPI: X2APIC (apic_id[0xffffffff] uid[0x81] disabled)
[    0.000000] ACPI: X2APIC (apic_id[0xffffffff] uid[0x82] disabled)
[    0.000000] ACPI: X2APIC (apic_id[0xffffffff] uid[0x83] disabled)
[    0.000000] ACPI: X2APIC (apic_id[0xffffffff] uid[0x84] disabled)
[    0.000000] ACPI: X2APIC (apic_id[0xffffffff] uid[0x85] disabled)
[    0.000000] ACPI: X2APIC (apic_id[0xffffffff] uid[0x86] disabled)
[    0.000000] ACPI: X2APIC (apic_id[0xffffffff] uid[0x87] disabled)
[    0.000000] ACPI: X2APIC (apic_id[0xffffffff] uid[0x88] disabled)
[    0.000000] ACPI: X2APIC (apic_id[0xffffffff] uid[0x89] disabled)
[    0.000000] ACPI: X2APIC (apic_id[0xffffffff] uid[0x8a] disabled)
[    0.000000] ACPI: X2APIC (apic_id[0xffffffff] uid[0x8b] disabled)
[    0.000000] ACPI: X2APIC (apic_id[0xffffffff] uid[0x8c] disabled)
[    0.000000] ACPI: X2APIC (apic_id[0xffffffff] uid[0x8d] disabled)
[    0.000000] ACPI: X2APIC (apic_id[0xffffffff] uid[0x8e] disabled)
[    0.000000] ACPI: X2APIC (apic_id[0xffffffff] uid[0x8f] disabled)
[    0.000000] ACPI: X2APIC (apic_id[0xffffffff] uid[0x90] disabled)
[    0.000000] ACPI: X2APIC (apic_id[0xffffffff] uid[0x91] disabled)
[    0.000000] ACPI: X2APIC (apic_id[0xffffffff] uid[0x92] disabled)
[    0.000000] ACPI: X2APIC (apic_id[0xffffffff] uid[0x93] disabled)
[    0.000000] ACPI: X2APIC (apic_id[0xffffffff] uid[0x94] disabled)
[    0.000000] ACPI: X2APIC (apic_id[0xffffffff] uid[0x95] disabled)
[    0.000000] ACPI: X2APIC (apic_id[0xffffffff] uid[0x96] disabled)
[    0.000000] ACPI: X2APIC (apic_id[0xffffffff] uid[0x97] disabled)
[    0.000000] ACPI: X2APIC (apic_id[0xffffffff] uid[0x98] disabled)
[    0.000000] ACPI: X2APIC (apic_id[0xffffffff] uid[0x99] disabled)
[    0.000000] ACPI: X2APIC (apic_id[0xffffffff] uid[0x9a] disabled)
[    0.000000] ACPI: X2APIC (apic_id[0xffffffff] uid[0x9b] disabled)
[    0.000000] ACPI: X2APIC (apic_id[0xffffffff] uid[0x9c] disabled)
[    0.000000] ACPI: X2APIC (apic_id[0xffffffff] uid[0x9d] disabled)
[    0.000000] ACPI: X2APIC (apic_id[0xffffffff] uid[0x9e] disabled)
[    0.000000] ACPI: X2APIC (apic_id[0xffffffff] uid[0x9f] disabled)
[    0.000000] ACPI: X2APIC (apic_id[0xffffffff] uid[0xa0] disabled)
[    0.000000] ACPI: X2APIC (apic_id[0xffffffff] uid[0xa1] disabled)
[    0.000000] ACPI: X2APIC (apic_id[0xffffffff] uid[0xa2] disabled)
[    0.000000] ACPI: X2APIC (apic_id[0xffffffff] uid[0xa3] disabled)
[    0.000000] ACPI: X2APIC (apic_id[0xffffffff] uid[0xa4] disabled)
[    0.000000] ACPI: X2APIC (apic_id[0xffffffff] uid[0xa5] disabled)
[    0.000000] ACPI: X2APIC (apic_id[0xffffffff] uid[0xa6] disabled)
[    0.000000] ACPI: X2APIC (apic_id[0xffffffff] uid[0xa7] disabled)
[    0.000000] ACPI: X2APIC (apic_id[0xffffffff] uid[0xa8] disabled)
[    0.000000] ACPI: X2APIC (apic_id[0xffffffff] uid[0xa9] disabled)
[    0.000000] ACPI: X2APIC (apic_id[0xffffffff] uid[0xaa] disabled)
[    0.000000] ACPI: X2APIC (apic_id[0xffffffff] uid[0xab] disabled)
[    0.000000] ACPI: X2APIC (apic_id[0xffffffff] uid[0xac] disabled)
[    0.000000] ACPI: X2APIC (apic_id[0xffffffff] uid[0xad] disabled)
[    0.000000] ACPI: X2APIC (apic_id[0xffffffff] uid[0xae] disabled)
[    0.000000] ACPI: X2APIC (apic_id[0xffffffff] uid[0xaf] disabled)
[    0.000000] ACPI: X2APIC (apic_id[0xffffffff] uid[0xb0] disabled)
[    0.000000] ACPI: X2APIC (apic_id[0xffffffff] uid[0xb1] disabled)
[    0.000000] ACPI: X2APIC (apic_id[0xffffffff] uid[0xb2] disabled)
[    0.000000] ACPI: X2APIC (apic_id[0xffffffff] uid[0xb3] disabled)
[    0.000000] ACPI: X2APIC (apic_id[0xffffffff] uid[0xb4] disabled)
[    0.000000] ACPI: X2APIC (apic_id[0xffffffff] uid[0xb5] disabled)
[    0.000000] ACPI: X2APIC (apic_id[0xffffffff] uid[0xb6] disabled)
[    0.000000] ACPI: X2APIC (apic_id[0xffffffff] uid[0xb7] disabled)
[    0.000000] ACPI: X2APIC (apic_id[0xffffffff] uid[0xb8] disabled)
[    0.000000] ACPI: X2APIC (apic_id[0xffffffff] uid[0xb9] disabled)
[    0.000000] ACPI: X2APIC (apic_id[0xffffffff] uid[0xba] disabled)
[    0.000000] ACPI: X2APIC (apic_id[0xffffffff] uid[0xbb] disabled)
[    0.000000] ACPI: X2APIC (apic_id[0xffffffff] uid[0xbc] disabled)
[    0.000000] ACPI: X2APIC (apic_id[0xffffffff] uid[0xbd] disabled)
[    0.000000] ACPI: X2APIC (apic_id[0xffffffff] uid[0xbe] disabled)
[    0.000000] ACPI: X2APIC (apic_id[0xffffffff] uid[0xbf] disabled)
[    0.000000] ACPI: X2APIC (apic_id[0xffffffff] uid[0xc0] disabled)
[    0.000000] ACPI: X2APIC (apic_id[0xffffffff] uid[0xc1] disabled)
[    0.000000] ACPI: X2APIC (apic_id[0xffffffff] uid[0xc2] disabled)
[    0.000000] ACPI: X2APIC (apic_id[0xffffffff] uid[0xc3] disabled)
[    0.000000] ACPI: X2APIC (apic_id[0xffffffff] uid[0xc4] disabled)
[    0.000000] ACPI: X2APIC (apic_id[0xffffffff] uid[0xc5] disabled)
[    0.000000] ACPI: X2APIC (apic_id[0xffffffff] uid[0xc6] disabled)
[    0.000000] ACPI: X2APIC (apic_id[0xffffffff] uid[0xc7] disabled)
[    0.000000] ACPI: X2APIC (apic_id[0xffffffff] uid[0xc8] disabled)
[    0.000000] ACPI: X2APIC (apic_id[0xffffffff] uid[0xc9] disabled)
[    0.000000] ACPI: X2APIC (apic_id[0xffffffff] uid[0xca] disabled)
[    0.000000] ACPI: X2APIC (apic_id[0xffffffff] uid[0xcb] disabled)
[    0.000000] ACPI: X2APIC (apic_id[0xffffffff] uid[0xcc] disabled)
[    0.000000] ACPI: X2APIC (apic_id[0xffffffff] uid[0xcd] disabled)
[    0.000000] ACPI: X2APIC (apic_id[0xffffffff] uid[0xce] disabled)
[    0.000000] ACPI: X2APIC (apic_id[0xffffffff] uid[0xcf] disabled)
[    0.000000] ACPI: X2APIC (apic_id[0xffffffff] uid[0xd0] disabled)
[    0.000000] ACPI: X2APIC (apic_id[0xffffffff] uid[0xd1] disabled)
[    0.000000] ACPI: X2APIC (apic_id[0xffffffff] uid[0xd2] disabled)
[    0.000000] ACPI: X2APIC (apic_id[0xffffffff] uid[0xd3] disabled)
[    0.000000] ACPI: X2APIC (apic_id[0xffffffff] uid[0xd4] disabled)
[    0.000000] ACPI: X2APIC (apic_id[0xffffffff] uid[0xd5] disabled)
[    0.000000] ACPI: X2APIC (apic_id[0xffffffff] uid[0xd6] disabled)
[    0.000000] ACPI: X2APIC (apic_id[0xffffffff] uid[0xd7] disabled)
[    0.000000] ACPI: X2APIC (apic_id[0xffffffff] uid[0xd8] disabled)
[    0.000000] ACPI: X2APIC (apic_id[0xffffffff] uid[0xd9] disabled)
[    0.000000] ACPI: X2APIC (apic_id[0xffffffff] uid[0xda] disabled)
[    0.000000] ACPI: X2APIC (apic_id[0xffffffff] uid[0xdb] disabled)
[    0.000000] ACPI: X2APIC (apic_id[0xffffffff] uid[0xdc] disabled)
[    0.000000] ACPI: X2APIC (apic_id[0xffffffff] uid[0xdd] disabled)
[    0.000000] ACPI: X2APIC (apic_id[0xffffffff] uid[0xde] disabled)
[    0.000000] ACPI: X2APIC (apic_id[0xffffffff] uid[0xdf] disabled)
[    0.000000] ACPI: X2APIC_NMI (uid[0xffffffff] high level lint[0x1])
[    0.000000] ACPI: LAPIC_NMI (acpi_id[0xff] dfl edge lint[0x1])
[    0.000000] ACPI: IOAPIC (id[0x08] address[0xfec00000] gsi_base[0])
[    0.000000] IOAPIC[0]: apic_id 8, version 32, address 0xfec00000, GSI 0-23
[    0.000000] ACPI: IOAPIC (id[0x09] address[0xfec01000] gsi_base[24])
[    0.000000] IOAPIC[1]: apic_id 9, version 32, address 0xfec01000, GSI 24-31
[    0.000000] ACPI: IOAPIC (id[0x0a] address[0xfec08000] gsi_base[32])
[    0.000000] IOAPIC[2]: apic_id 10, version 32, address 0xfec08000, GSI 32-39
[    0.000000] ACPI: IOAPIC (id[0x0b] address[0xfec10000] gsi_base[40])
[    0.000000] IOAPIC[3]: apic_id 11, version 32, address 0xfec10000, GSI 40-47
[    0.000000] ACPI: IOAPIC (id[0x0c] address[0xfec18000] gsi_base[48])
[    0.000000] IOAPIC[4]: apic_id 12, version 32, address 0xfec18000, GSI 48-55
[    0.000000] ACPI: IOAPIC (id[0x0f] address[0xfec20000] gsi_base[72])
[    0.000000] IOAPIC[5]: apic_id 15, version 32, address 0xfec20000, GSI 72-79
[    0.000000] ACPI: IOAPIC (id[0x10] address[0xfec28000] gsi_base[80])
[    0.000000] IOAPIC[6]: apic_id 16, version 32, address 0xfec28000, GSI 80-87
[    0.000000] ACPI: IOAPIC (id[0x11] address[0xfec30000] gsi_base[88])
[    0.000000] IOAPIC[7]: apic_id 17, version 32, address 0xfec30000, GSI 88-95
[    0.000000] ACPI: IOAPIC (id[0x12] address[0xfec38000] gsi_base[96])
[    0.000000] IOAPIC[8]: apic_id 18, version 32, address 0xfec38000, GSI 96-103
[    0.000000] ACPI: INT_SRC_OVR (bus 0 bus_irq 0 global_irq 2 dfl dfl)
[    0.000000] ACPI: INT_SRC_OVR (bus 0 bus_irq 9 global_irq 9 high level)
[    0.000000] ACPI: IRQ0 used by override.
[    0.000000] ACPI: IRQ9 used by override.
[    0.000000] Using ACPI (MADT) for SMP configuration information
[    0.000000] ACPI: HPET id: 0x8086a701 base: 0xfed00000
[    0.000000] smpboot: Allowing 244 CPUs, 224 hotplug CPUs
[    0.000000] smpboot: Ignoring 204 unusable CPUs in ACPI table
[    0.000000] PM: Registered nosave memory: [mem 0x0009d000-0x0009dfff]
[    0.000000] PM: Registered nosave memory: [mem 0x0009e000-0x0009ffff]
[    0.000000] PM: Registered nosave memory: [mem 0x000a0000-0x000dffff]
[    0.000000] PM: Registered nosave memory: [mem 0x000e0000-0x000fffff]
[    0.000000] PM: Registered nosave memory: [mem 0x9c1c1000-0x9c79cfff]
[    0.000000] PM: Registered nosave memory: [mem 0x9c79d000-0x9d38bfff]
[    0.000000] PM: Registered nosave memory: [mem 0x9f38e000-0xab034fff]
[    0.000000] PM: Registered nosave memory: [mem 0xafbeb000-0xafc1cfff]
[    0.000000] PM: Registered nosave memory: [mem 0xb0000000-0xcfffffff]
[    0.000000] PM: Registered nosave memory: [mem 0xd0000000-0xfcffffff]
[    0.000000] PM: Registered nosave memory: [mem 0xfd000000-0xfe7fffff]
[    0.000000] PM: Registered nosave memory: [mem 0xfe800000-0xfed1ffff]
[    0.000000] PM: Registered nosave memory: [mem 0xfed20000-0xfed44fff]
[    0.000000] PM: Registered nosave memory: [mem 0xfed45000-0xfeffffff]
[    0.000000] PM: Registered nosave memory: [mem 0xff000000-0xffffffff]
[    0.000000] PM: Registered nosave memory: [mem 0x440000000-0x433fffffff]
[    0.000000] e820: [mem 0xd0000000-0xfcffffff] available for PCI devices
[    0.000000] Booting paravirtualized kernel on bare hardware
[    0.000000] setup_percpu: NR_CPUS:5120 nr_cpumask_bits:244 nr_cpu_ids:244 nr_node_ids:4
[    0.000000] percpu: Embedded 38 pages/cpu s118784 r8192 d28672 u262144
[    0.000000] pcpu-alloc: s118784 r8192 d28672 u262144 alloc=1*2097152
[    0.000000] pcpu-alloc: [0] 000 001 002 003 004 005 006 007 
[    0.000000] pcpu-alloc: [0] 008 009 020 022 024 026 028 030 
[    0.000000] pcpu-alloc: [0] 032 034 036 038 040 042 044 046 
[    0.000000] pcpu-alloc: [0] 048 050 052 054 056 058 060 062 
[    0.000000] pcpu-alloc: [0] 064 066 068 070 072 074 076 078 
[    0.000000] pcpu-alloc: [0] 080 082 084 086 088 090 092 094 
[    0.000000] pcpu-alloc: [0] 096 098 100 102 104 106 108 110 
[    0.000000] pcpu-alloc: [0] 112 114 116 118 120 122 124 126 
[    0.000000] pcpu-alloc: [0] 128 130 132 134 136 138 140 142 
[    0.000000] pcpu-alloc: [0] 144 146 148 150 152 154 156 158 
[    0.000000] pcpu-alloc: [0] 160 162 164 166 168 170 172 174 
[    0.000000] pcpu-alloc: [0] 176 178 180 182 184 186 188 190 
[    0.000000] pcpu-alloc: [0] 192 194 196 198 200 202 204 206 
[    0.000000] pcpu-alloc: [0] 208 210 212 214 216 218 220 222 
[    0.000000] pcpu-alloc: [0] 224 226 228 230 232 234 236 238 
[    0.000000] pcpu-alloc: [0] 240 242 --- --- --- --- --- --- 
[    0.000000] pcpu-alloc: [1] 010 011 012 013 014 015 016 017 
[    0.000000] pcpu-alloc: [1] 018 019 021 023 025 027 029 031 
[    0.000000] pcpu-alloc: [1] 033 035 037 039 041 043 045 047 
[    0.000000] pcpu-alloc: [1] 049 051 053 055 057 059 061 063 
[    0.000000] pcpu-alloc: [1] 065 067 069 071 073 075 077 079 
[    0.000000] pcpu-alloc: [1] 081 083 085 087 089 091 093 095 
[    0.000000] pcpu-alloc: [1] 097 099 101 103 105 107 109 111 
[    0.000000] pcpu-alloc: [1] 113 115 117 119 121 123 125 127 
[    0.000000] pcpu-alloc: [1] 129 131 133 135 137 139 141 143 
[    0.000000] pcpu-alloc: [1] 145 147 149 151 153 155 157 159 
[    0.000000] pcpu-alloc: [1] 161 163 165 167 169 171 173 175 
[    0.000000] pcpu-alloc: [1] 177 179 181 183 185 187 189 191 
[    0.000000] pcpu-alloc: [1] 193 195 197 199 201 203 205 207 
[    0.000000] pcpu-alloc: [1] 209 211 213 215 217 219 221 223 
[    0.000000] pcpu-alloc: [1] 225 227 229 231 233 235 237 239 
[    0.000000] pcpu-alloc: [1] 241 243 --- --- --- --- --- --- 
[    0.000000] Built 2 zonelists in Zone order, mobility grouping on.  Total pages: 8140829
[    0.000000] Policy zone: Normal
[    0.000000] Kernel command line: BOOT_IMAGE=/vmlinuz-3.10.0-1160.49.1.el7.x86_64 root=/dev/mapper/centos-root ro crashkernel=auto spectre_v2=retpoline rd.lvm.lv=centos/root rd.lvm.lv=centos/swap rhgb quiet intel_iommu=on
[    0.000000] DMAR: IOMMU enabled
[    0.000000] PID hash table entries: 4096 (order: 3, 32768 bytes)
[    0.000000] x86/fpu: xstate_offset[2]: 0240, xstate_sizes[2]: 0100
[    0.000000] x86/fpu: xstate_offset[3]: 03c0, xstate_sizes[3]: 0040
[    0.000000] x86/fpu: xstate_offset[4]: 0400, xstate_sizes[4]: 0040
[    0.000000] x86/fpu: xstate_offset[5]: 0440, xstate_sizes[5]: 0040
[    0.000000] x86/fpu: xstate_offset[6]: 0480, xstate_sizes[6]: 0200
[    0.000000] x86/fpu: xstate_offset[7]: 0680, xstate_sizes[7]: 0400
[    0.000000] x86/fpu: xstate_offset[8]: 0000, xstate_sizes[8]: 0080
[    0.000000] x86/fpu: xstate_offset[9]: 0a80, xstate_sizes[9]: 0008
[    0.000000] xsave: enabled xstate_bv 0x2ff, cntxt size 0xa88 using standard form
[    0.000000] Memory: 6594176k/298844160k available (7796k kernel code, 265763872k absent, 828128k reserved, 5947k data, 1980k init)
[    0.000000] SLUB: HWalign=64, Order=0-3, MinObjects=0, CPUs=244, Nodes=4
[    0.000000] Hierarchical RCU implementation.
[    0.000000] 	RCU restricting CPUs from NR_CPUS=5120 to nr_cpu_ids=244.
[    0.000000] NR_IRQS:327936 nr_irqs:3736 0
[    0.000000] Console: colour VGA+ 80x25
[    0.000000] console [tty0] enabled
[    0.000000] allocated 265289728 bytes of page_cgroup
[    0.000000] please try 'cgroup_disable=memory' option if you don't want memory cgroups
[    0.000000] Enabling automatic NUMA balancing. Configure with numa_balancing= or the kernel.numa_balancing sysctl
[    0.000000] hpet clockevent registered
[    0.000000] tsc: Detected 2500.000 MHz processor
[    0.000100] Calibrating delay loop (skipped), value calculated using timer frequency.. 5000.00 BogoMIPS (lpj=2500000)
[    0.000102] pid_max: default: 249856 minimum: 1952
[    0.001013] Security Framework initialized
[    0.001019] SELinux:  Initializing.
[    0.001240] SELinux:  Starting in permissive mode
[    0.001240] Yama: becoming mindful.
[    0.003279] Dentry cache hash table entries: 4194304 (order: 13, 33554432 bytes)
[    0.010007] Inode-cache hash table entries: 2097152 (order: 12, 16777216 bytes)
[    0.013021] Mount-cache hash table entries: 65536 (order: 7, 524288 bytes)
[    0.013052] Mountpoint-cache hash table entries: 65536 (order: 7, 524288 bytes)
[    0.014616] Initializing cgroup subsys memory
[    0.014661] Initializing cgroup subsys devices
[    0.014662] Initializing cgroup subsys freezer
[    0.014663] Initializing cgroup subsys net_cls
[    0.014664] Initializing cgroup subsys blkio
[    0.014665] Initializing cgroup subsys perf_event
[    0.014701] Initializing cgroup subsys hugetlb
[    0.014702] Initializing cgroup subsys pids
[    0.014704] Initializing cgroup subsys net_prio
[    0.014901] ENERGY_PERF_BIAS: Set to 'normal', was 'performance'
[    0.014902] ENERGY_PERF_BIAS: View and update with x86_energy_perf_policy(8)
[    0.016034] CPU0: Thermal monitoring enabled (TM1)
[    0.016169] Last level iTLB entries: 4KB 0, 2MB 0, 4MB 0
[    0.016169] Last level dTLB entries: 4KB 64, 2MB 0, 4MB 0
[    0.016170] tlb_flushall_shift: 6
[    0.016224] FEATURE SPEC_CTRL Present
[    0.016225] FEATURE IBPB_SUPPORT Present
[    0.016226] Spectre V1 : Mitigation: Load fences, usercopy/swapgs barriers and __user pointer sanitization
[    0.016228] Spectre V2 : retpoline selected on command line.
[    0.016229] Spectre V2 : Enabling Indirect Branch Prediction Barrier
[    0.016325] Spectre V2 : Mitigation: Full retpoline
[    0.016336] Speculative Store Bypass: Mitigation: Speculative Store Bypass disabled via prctl and seccomp
[    0.016353] TAA: Mitigation: Clear CPU buffers
[    0.016917] Freeing SMP alternatives: 28k freed
[    0.018509] ACPI: Core revision 20130517
[    0.074297] ACPI: All ACPI Tables successfully acquired
[    0.081528] ftrace: allocating 29688 entries in 116 pages
[    0.113669] DMAR: Host address width 46
[    0.113672] DMAR: DRHD base: 0x000000e8ffc000 flags: 0x0
[    0.113680] DMAR: dmar0: reg_base_addr e8ffc000 ver 1:0 cap 8d2078c106f0466 ecap f020df
[    0.113682] DMAR: DRHD base: 0x000000edffc000 flags: 0x0
[    0.113686] DMAR: dmar1: reg_base_addr edffc000 ver 1:0 cap 8d2078c106f0466 ecap f020df
[    0.113688] DMAR: DRHD base: 0x000000f2ffc000 flags: 0x0
[    0.113693] DMAR: dmar2: reg_base_addr f2ffc000 ver 1:0 cap 8d2078c106f0466 ecap f020df
[    0.113694] DMAR: DRHD base: 0x000000f7ffc000 flags: 0x0
[    0.113699] DMAR: dmar3: reg_base_addr f7ffc000 ver 1:0 cap 8d2078c106f0466 ecap f020df
[    0.113700] DMAR: DRHD base: 0x000000d9ffc000 flags: 0x0
[    0.113719] DMAR: dmar4: reg_base_addr d9ffc000 ver 1:0 cap 8d2078c106f0466 ecap f020df
[    0.113721] DMAR: DRHD base: 0x000000deffc000 flags: 0x0
[    0.113725] DMAR: dmar5: reg_base_addr deffc000 ver 1:0 cap 8d2078c106f0466 ecap f020df
[    0.113726] DMAR: DRHD base: 0x000000e3ffc000 flags: 0x0
[    0.113731] DMAR: dmar6: reg_base_addr e3ffc000 ver 1:0 cap 8d2078c106f0466 ecap f020df
[    0.113732] DMAR: DRHD base: 0x000000d4ffc000 flags: 0x1
[    0.113736] DMAR: dmar7: reg_base_addr d4ffc000 ver 1:0 cap 8d2078c106f0466 ecap f020df
[    0.113738] DMAR: RMRR base: 0x000000aaa3e000 end: 0x000000aaa4efff
[    0.113739] DMAR: RMRR base: 0x0000009f38e000 end: 0x000000a7395fff
[    0.113740] DMAR: ATSR flags: 0x0
[    0.113741] DMAR: ATSR flags: 0x0
[    0.113743] DMAR: RHSA base: 0x000000d4ffc000 proximity domain: 0x0
[    0.113744] DMAR: RHSA base: 0x000000d9ffc000 proximity domain: 0x0
[    0.113745] DMAR: RHSA base: 0x000000deffc000 proximity domain: 0x0
[    0.113746] DMAR: RHSA base: 0x000000e3ffc000 proximity domain: 0x0
[    0.113747] DMAR: RHSA base: 0x000000e8ffc000 proximity domain: 0x1
[    0.113748] DMAR: RHSA base: 0x000000edffc000 proximity domain: 0x1
[    0.113750] DMAR: RHSA base: 0x000000f2ffc000 proximity domain: 0x1
[    0.113751] DMAR: RHSA base: 0x000000f7ffc000 proximity domain: 0x1
[    0.113753] DMAR-IR: IOAPIC id 12 under DRHD base  0xe3ffc000 IOMMU 6
[    0.113754] DMAR-IR: IOAPIC id 11 under DRHD base  0xdeffc000 IOMMU 5
[    0.113756] DMAR-IR: IOAPIC id 10 under DRHD base  0xd9ffc000 IOMMU 4
[    0.113757] DMAR-IR: IOAPIC id 18 under DRHD base  0xf7ffc000 IOMMU 3
[    0.113758] DMAR-IR: IOAPIC id 17 under DRHD base  0xf2ffc000 IOMMU 2
[    0.113760] DMAR-IR: IOAPIC id 16 under DRHD base  0xedffc000 IOMMU 1
[    0.113761] DMAR-IR: IOAPIC id 15 under DRHD base  0xe8ffc000 IOMMU 0
[    0.113762] DMAR-IR: IOAPIC id 8 under DRHD base  0xd4ffc000 IOMMU 7
[    0.113764] DMAR-IR: IOAPIC id 9 under DRHD base  0xd4ffc000 IOMMU 7
[    0.113765] DMAR-IR: HPET id 0 under DRHD base 0xd4ffc000
[    0.113766] DMAR-IR: Queued invalidation will be enabled to support x2apic and Intr-remapping.
[    0.116224] DMAR-IR: Enabled IRQ remapping in x2apic mode
[    0.116226] Enabling x2apic
[    0.116226] Enabled x2apic
[    0.116233] System requires x2apic physical mode
[    0.116234] Switched APIC routing to physical x2apic.
[    0.117791] ..TIMER: vector=0x30 apic1=0 pin1=2 apic2=-1 pin2=-1
[    0.127795] smpboot: CPU0: Intel(R) Xeon(R) Gold 5215 CPU @ 2.50GHz (fam: 06, model: 55, stepping: 07)
[    0.127802] TSC deadline timer enabled
[    0.127874] Performance Events: PEBS fmt3+, Skylake events, 32-deep LBR, full-width counters, Intel PMU driver.
[    0.127882] ... version:                4
[    0.127883] ... bit width:              48
[    0.127884] ... generic registers:      8
[    0.127885] ... value mask:             0000ffffffffffff
[    0.127886] ... max period:             00007fffffffffff
[    0.127887] ... fixed-purpose events:   3
[    0.127888] ... event mask:             00000007000000ff
[    0.147876] NMI watchdog: enabled on all CPUs, permanently consumes one hw-PMU counter.
[    0.131294] smpboot: Booting Node   0, Processors  #1 #2 #3 #4 #5 #6 #7 #8 #9 OK
[    0.245672] smpboot: CPU 10 Converting physical 0 to logical die 1
[    0.232521] smpboot: Booting Node   1, Processors  #10 #11 #12 #13 #14 #15 #16 #17 #18 #19
[    0.428344] Brought up 20 CPUs
[    0.428346] smpboot: Max logical packages: 25
[    0.428350] smpboot: Total of 20 processors activated (100059.30 BogoMIPS)
[    0.523895] node 0 initialised, 2814831 pages in 47ms
[    0.539027] node 1 initialised, 3599661 pages in 62ms
[    0.540125] devtmpfs: initialized
[    0.540269] x86/mm: Memory block size: 1024MB
[    0.544436] EVM: security.selinux
[    0.544439] EVM: security.ima
[    0.544442] EVM: security.capability
[    0.544749] PM: Registering ACPI NVS region [mem 0x9c79d000-0x9d38bfff] (12513280 bytes)
[    0.549208] atomic64 test passed for x86-64 platform with CX8 and with SSE
[    0.549214] pinctrl core: initialized pinctrl subsystem
[    0.549475] RTC time:  3:50:03, date: 07/21/23
[    0.549989] NET: Registered protocol family 16
[    0.550630] ACPI FADT declares the system doesn't support PCIe ASPM, so disable it
[    0.550635] ACPI: bus type PCI registered
[    0.550639] acpiphp: ACPI Hot Plug PCI Controller Driver version: 0.5
[    0.551769] PCI: MMCONFIG for domain 0000 [bus 00-ff] at [mem 0xc0000000-0xcfffffff] (base 0xc0000000)
[    0.551775] PCI: MMCONFIG at [mem 0xc0000000-0xcfffffff] reserved in E820
[    0.551789] pmd_set_huge: Cannot satisfy [mem 0xc0000000-0xc0200000] with a huge-page mapping due to MTRR override.
[    0.552327] PCI: Using configuration type 1 for base access
[    0.561921] ACPI: Added _OSI(Module Device)
[    0.561923] ACPI: Added _OSI(Processor Device)
[    0.561924] ACPI: Added _OSI(3.0 _SCP Extensions)
[    0.561925] ACPI: Added _OSI(Processor Aggregator Device)
[    0.561926] ACPI: Added _OSI(Linux-Dell-Video)
[    0.573335] ACPI: EC: Look up EC in DSDT
[    0.603281] ACPI: [Firmware Bug]: BIOS _OSI(Linux) query ignored
[    0.624258] ACPI: Dynamic OEM Table Load:
[    0.624261] ACPI: OEM4           (null) A27C4 (v02  INTEL CPU  CST 00003000 INTL 20140828)
[    0.637424] ACPI: Interpreter enabled
[    0.637440] ACPI: (supports S0 S5)
[    0.637442] ACPI: Using IOAPIC for interrupt routing
[    0.637469] HEST: Enabling Firmware First mode for corrected errors.
[    0.637813] HEST: Table parsing has been initialized.
[    0.637816] PCI: Using host bridge windows from ACPI; if necessary, use "pci=nocrs" and report a bug
[    0.637863] ACPI: Enabled 6 GPEs in block 00 to 7F
[    0.696706] ACPI: PCI Root Bridge [PC00] (domain 0000 [bus 00-04])
[    0.696712] acpi PNP0A08:00: _OSC: OS supports [ExtendedConfig ASPM ClockPM Segments MSI]
[    0.696804] acpi PNP0A08:00: _OSC: platform does not support [SHPCHotplug AER]
[    0.696889] acpi PNP0A08:00: _OSC: OS now controls [PCIeHotplug PME PCIeCapability]
[    0.696891] acpi PNP0A08:00: FADT indicates ASPM is unsupported, using BIOS configuration
[    0.697288] PCI host bridge to bus 0000:00
[    0.697291] pci_bus 0000:00: root bus resource [io  0x0000-0x03af window]
[    0.697293] pci_bus 0000:00: root bus resource [io  0x03e0-0x0cf7 window]
[    0.697295] pci_bus 0000:00: root bus resource [io  0x03b0-0x03bb window]
[    0.697296] pci_bus 0000:00: root bus resource [io  0x03c0-0x03df window]
[    0.697298] pci_bus 0000:00: root bus resource [io  0x1000-0x2fff window]
[    0.697300] pci_bus 0000:00: root bus resource [mem 0x000a0000-0x000bffff window]
[    0.697302] pci_bus 0000:00: root bus resource [mem 0x000c4000-0x000c7fff window]
[    0.697304] pci_bus 0000:00: root bus resource [mem 0xfe010000-0xfe010fff window]
[    0.697305] pci_bus 0000:00: root bus resource [mem 0xd0000000-0xd4ffffff window]
[    0.697307] pci_bus 0000:00: root bus resource [mem 0x20000000000-0x20fffffffff window]
[    0.697309] pci_bus 0000:00: root bus resource [bus 00-04]
[    0.697318] pci 0000:00:00.0: [8086:2020] type 00 class 0x060000
[    0.697456] pci 0000:00:04.0: [8086:2021] type 00 class 0x088000
[    0.697467] pci 0000:00:04.0: reg 0x10: [mem 0x20ffff2c000-0x20ffff2ffff 64bit]
[    0.697575] pci 0000:00:04.1: [8086:2021] type 00 class 0x088000
[    0.697584] pci 0000:00:04.1: reg 0x10: [mem 0x20ffff28000-0x20ffff2bfff 64bit]
[    0.697692] pci 0000:00:04.2: [8086:2021] type 00 class 0x088000
[    0.697701] pci 0000:00:04.2: reg 0x10: [mem 0x20ffff24000-0x20ffff27fff 64bit]
[    0.697809] pci 0000:00:04.3: [8086:2021] type 00 class 0x088000
[    0.697818] pci 0000:00:04.3: reg 0x10: [mem 0x20ffff20000-0x20ffff23fff 64bit]
[    0.697923] pci 0000:00:04.4: [8086:2021] type 00 class 0x088000
[    0.697932] pci 0000:00:04.4: reg 0x10: [mem 0x20ffff1c000-0x20ffff1ffff 64bit]
[    0.698038] pci 0000:00:04.5: [8086:2021] type 00 class 0x088000
[    0.698047] pci 0000:00:04.5: reg 0x10: [mem 0x20ffff18000-0x20ffff1bfff 64bit]
[    0.698153] pci 0000:00:04.6: [8086:2021] type 00 class 0x088000
[    0.698162] pci 0000:00:04.6: reg 0x10: [mem 0x20ffff14000-0x20ffff17fff 64bit]
[    0.698270] pci 0000:00:04.7: [8086:2021] type 00 class 0x088000
[    0.698279] pci 0000:00:04.7: reg 0x10: [mem 0x20ffff10000-0x20ffff13fff 64bit]
[    0.698384] pci 0000:00:05.0: [8086:2024] type 00 class 0x088000
[    0.698481] pci 0000:00:05.2: [8086:2025] type 00 class 0x088000
[    0.698578] pci 0000:00:05.4: [8086:2026] type 00 class 0x080020
[    0.698585] pci 0000:00:05.4: reg 0x10: [mem 0xd4d1a000-0xd4d1afff]
[    0.698689] pci 0000:00:08.0: [8086:2014] type 00 class 0x088000
[    0.698777] pci 0000:00:08.1: [8086:2015] type 00 class 0x110100
[    0.698854] pci 0000:00:08.2: [8086:2016] type 00 class 0x088000
[    0.698951] pci 0000:00:11.0: [8086:a1ec] type 00 class 0xff0000
[    0.698957] pci 0000:00:11.0: device has non-compliant BARs; disabling IO/MEM decoding
[    0.699064] pci 0000:00:11.5: [8086:a1d2] type 00 class 0x010601
[    0.699078] pci 0000:00:11.5: reg 0x10: [mem 0xd4d16000-0xd4d17fff]
[    0.699085] pci 0000:00:11.5: reg 0x14: [mem 0xd4d19000-0xd4d190ff]
[    0.699093] pci 0000:00:11.5: reg 0x18: [io  0x2070-0x2077]
[    0.699101] pci 0000:00:11.5: reg 0x1c: [io  0x2060-0x2063]
[    0.699108] pci 0000:00:11.5: reg 0x20: [io  0x2020-0x203f]
[    0.699118] pci 0000:00:11.5: reg 0x24: [mem 0xd4c80000-0xd4cfffff]
[    0.699154] pci 0000:00:11.5: PME# supported from D3hot
[    0.699275] pci 0000:00:14.0: [8086:a1af] type 00 class 0x0c0330
[    0.699293] pci 0000:00:14.0: reg 0x10: [mem 0x20ffff00000-0x20ffff0ffff 64bit]
[    0.699353] pci 0000:00:14.0: PME# supported from D3hot D3cold
[    0.699439] pci 0000:00:14.0: System wakeup disabled by ACPI
[    0.699469] pci 0000:00:14.2: [8086:a1b1] type 00 class 0x118000
[    0.699486] pci 0000:00:14.2: reg 0x10: [mem 0x20ffff33000-0x20ffff33fff 64bit]
[    0.699627] pci 0000:00:16.0: [8086:a1ba] type 00 class 0x078000
[    0.699649] pci 0000:00:16.0: reg 0x10: [mem 0x20ffff32000-0x20ffff32fff 64bit]
[    0.699731] pci 0000:00:16.0: PME# supported from D3hot
[    0.699818] pci 0000:00:16.1: [8086:a1bb] type 00 class 0x078000
[    0.699840] pci 0000:00:16.1: reg 0x10: [mem 0x20ffff31000-0x20ffff31fff 64bit]
[    0.699922] pci 0000:00:16.1: PME# supported from D3hot
[    0.700012] pci 0000:00:16.4: [8086:a1be] type 00 class 0x078000
[    0.700034] pci 0000:00:16.4: reg 0x10: [mem 0x20ffff30000-0x20ffff30fff 64bit]
[    0.700118] pci 0000:00:16.4: PME# supported from D3hot
[    0.700205] pci 0000:00:17.0: [8086:a182] type 00 class 0x010601
[    0.700218] pci 0000:00:17.0: reg 0x10: [mem 0xd4d14000-0xd4d15fff]
[    0.700225] pci 0000:00:17.0: reg 0x14: [mem 0xd4d18000-0xd4d180ff]
[    0.700233] pci 0000:00:17.0: reg 0x18: [io  0x2050-0x2057]
[    0.700240] pci 0000:00:17.0: reg 0x1c: [io  0x2040-0x2043]
[    0.700247] pci 0000:00:17.0: reg 0x20: [io  0x2000-0x201f]
[    0.700255] pci 0000:00:17.0: reg 0x24: [mem 0xd4c00000-0xd4c7ffff]
[    0.700291] pci 0000:00:17.0: PME# supported from D3hot
[    0.700400] pci 0000:00:1c.0: [8086:a190] type 01 class 0x060400
[    0.700461] pci 0000:00:1c.0: PME# supported from D0 D3hot D3cold
[    0.700567] pci 0000:00:1c.0: System wakeup disabled by ACPI
[    0.700610] pci 0000:00:1f.0: [8086:a1c3] type 00 class 0x060100
[    0.700764] pci 0000:00:1f.2: [8086:a1a1] type 00 class 0x058000
[    0.700776] pci 0000:00:1f.2: reg 0x10: [mem 0xd4d10000-0xd4d13fff]
[    0.700917] pci 0000:00:1f.4: [8086:a1a3] type 00 class 0x0c0500
[    0.700933] pci 0000:00:1f.4: reg 0x10: [mem 0x00000000-0x000000ff 64bit]
[    0.700955] pci 0000:00:1f.4: reg 0x20: [io  0x0780-0x079f]
[    0.701046] pci 0000:00:1f.5: [8086:a1a4] type 00 class 0x0c8000
[    0.701058] pci 0000:00:1f.5: reg 0x10: [mem 0xfe010000-0xfe010fff]
[    0.701241] pci 0000:01:00.0: [19a2:0120] type 01 class 0x060400
[    0.701265] pci 0000:01:00.0: reg 0x10: [mem 0xd4b00000-0xd4b00fff 64bit]
[    0.701402] pci 0000:00:1c.0: PCI bridge to [bus 01-02]
[    0.701407] pci 0000:00:1c.0:   bridge window [mem 0xd3000000-0xd4bfffff]
[    0.701461] pci 0000:02:00.0: [102b:0522] type 00 class 0x030000
[    0.701480] pci 0000:02:00.0: reg 0x10: [mem 0xd3000000-0xd3ffffff]
[    0.701491] pci 0000:02:00.0: reg 0x14: [mem 0xd4a10000-0xd4a13fff]
[    0.701502] pci 0000:02:00.0: reg 0x18: [mem 0xd4000000-0xd47fffff]
[    0.701540] pci 0000:02:00.0: reg 0x30: [mem 0xd4a00000-0xd4a0ffff pref]
[    0.701653] pci 0000:01:00.0: PCI bridge to [bus 02]
[    0.701662] pci 0000:01:00.0:   bridge window [mem 0xd3000000-0xd4afffff]
[    0.701667] pci 0000:01:00.0:   bridge window [mem 0x00000000-0x000fffff pref]
[    0.701680] pci_bus 0000:00: on NUMA node 0
[    0.702189] ACPI: PCI Root Bridge [PC01] (domain 0000 [bus 05-2d])
[    0.702193] acpi PNP0A08:01: _OSC: OS supports [ExtendedConfig ASPM ClockPM Segments MSI]
[    0.702559] acpi PNP0A08:01: _OSC: platform does not support [SHPCHotplug AER]
[    0.702746] acpi PNP0A08:01: _OSC: OS now controls [PCIeHotplug PME PCIeCapability]
[    0.702748] acpi PNP0A08:01: FADT indicates ASPM is unsupported, using BIOS configuration
[    0.702854] PCI host bridge to bus 0000:05
[    0.702856] pci_bus 0000:05: root bus resource [io  0x3000-0x4fff window]
[    0.702858] pci_bus 0000:05: root bus resource [mem 0xd5000000-0xd9ffffff window]
[    0.702860] pci_bus 0000:05: root bus resource [mem 0x21000000000-0x21fffffffff window]
[    0.702862] pci_bus 0000:05: root bus resource [bus 05-2d]
[    0.702871] pci 0000:05:02.0: [8086:2032] type 01 class 0x060400
[    0.702921] pci 0000:05:02.0: PME# supported from D0 D3hot D3cold
[    0.702957] pci 0000:05:02.0: System wakeup disabled by ACPI
[    0.702989] pci 0000:05:05.0: [8086:2034] type 00 class 0x088000
[    0.703060] pci 0000:05:05.2: [8086:2035] type 00 class 0x088000
[    0.703134] pci 0000:05:05.4: [8086:2036] type 00 class 0x080020
[    0.703141] pci 0000:05:05.4: reg 0x10: [mem 0xd9f00000-0xd9f00fff]
[    0.703217] pci 0000:05:08.0: [8086:208d] type 00 class 0x088000
[    0.703271] pci 0000:05:08.1: [8086:208d] type 00 class 0x088000
[    0.703323] pci 0000:05:08.2: [8086:208d] type 00 class 0x088000
[    0.703373] pci 0000:05:08.3: [8086:208d] type 00 class 0x088000
[    0.703421] pci 0000:05:08.4: [8086:208d] type 00 class 0x088000
[    0.703471] pci 0000:05:08.5: [8086:208d] type 00 class 0x088000
[    0.703519] pci 0000:05:08.6: [8086:208d] type 00 class 0x088000
[    0.703568] pci 0000:05:08.7: [8086:208d] type 00 class 0x088000
[    0.703616] pci 0000:05:09.0: [8086:208d] type 00 class 0x088000
[    0.703669] pci 0000:05:09.1: [8086:208d] type 00 class 0x088000
[    0.703717] pci 0000:05:09.2: [8086:208d] type 00 class 0x088000
[    0.703766] pci 0000:05:09.3: [8086:208d] type 00 class 0x088000
[    0.703813] pci 0000:05:09.4: [8086:208d] type 00 class 0x088000
[    0.703862] pci 0000:05:09.5: [8086:208d] type 00 class 0x088000
[    0.703909] pci 0000:05:09.6: [8086:208d] type 00 class 0x088000
[    0.703958] pci 0000:05:09.7: [8086:208d] type 00 class 0x088000
[    0.704006] pci 0000:05:0a.0: [8086:208d] type 00 class 0x088000
[    0.704057] pci 0000:05:0a.1: [8086:208d] type 00 class 0x088000
[    0.704111] pci 0000:05:0e.0: [8086:208e] type 00 class 0x088000
[    0.704165] pci 0000:05:0e.1: [8086:208e] type 00 class 0x088000
[    0.704214] pci 0000:05:0e.2: [8086:208e] type 00 class 0x088000
[    0.704262] pci 0000:05:0e.3: [8086:208e] type 00 class 0x088000
[    0.704310] pci 0000:05:0e.4: [8086:208e] type 00 class 0x088000
[    0.704358] pci 0000:05:0e.5: [8086:208e] type 00 class 0x088000
[    0.704406] pci 0000:05:0e.6: [8086:208e] type 00 class 0x088000
[    0.704456] pci 0000:05:0e.7: [8086:208e] type 00 class 0x088000
[    0.704507] pci 0000:05:0f.0: [8086:208e] type 00 class 0x088000
[    0.704558] pci 0000:05:0f.1: [8086:208e] type 00 class 0x088000
[    0.704608] pci 0000:05:0f.2: [8086:208e] type 00 class 0x088000
[    0.704657] pci 0000:05:0f.3: [8086:208e] type 00 class 0x088000
[    0.704706] pci 0000:05:0f.4: [8086:208e] type 00 class 0x088000
[    0.704754] pci 0000:05:0f.5: [8086:208e] type 00 class 0x088000
[    0.704803] pci 0000:05:0f.6: [8086:208e] type 00 class 0x088000
[    0.704852] pci 0000:05:0f.7: [8086:208e] type 00 class 0x088000
[    0.704901] pci 0000:05:10.0: [8086:208e] type 00 class 0x088000
[    0.704952] pci 0000:05:10.1: [8086:208e] type 00 class 0x088000
[    0.705012] pci 0000:05:1d.0: [8086:2054] type 00 class 0x088000
[    0.705064] pci 0000:05:1d.1: [8086:2055] type 00 class 0x088000
[    0.705114] pci 0000:05:1d.2: [8086:2056] type 00 class 0x088000
[    0.705164] pci 0000:05:1d.3: [8086:2057] type 00 class 0x088000
[    0.705217] pci 0000:05:1e.0: [8086:2080] type 00 class 0x088000
[    0.705268] pci 0000:05:1e.1: [8086:2081] type 00 class 0x088000
[    0.705319] pci 0000:05:1e.2: [8086:2082] type 00 class 0x088000
[    0.705367] pci 0000:05:1e.3: [8086:2083] type 00 class 0x088000
[    0.705418] pci 0000:05:1e.4: [8086:2084] type 00 class 0x088000
[    0.705466] pci 0000:05:1e.5: [8086:2085] type 00 class 0x088000
[    0.705516] pci 0000:05:1e.6: [8086:2086] type 00 class 0x088000
[    0.705688] pci 0000:06:00.0: [8086:37c0] type 01 class 0x060400
[    0.705702] pci 0000:06:00.0: reg 0x10: [mem 0xd9e00000-0xd9e1ffff 64bit]
[    0.705709] pci 0000:06:00.0: reg 0x38: [mem 0xd9c00000-0xd9cfffff pref]
[    0.705752] pci 0000:06:00.0: PME# supported from D0 D3hot D3cold
[    0.705775] pci 0000:06:00.0: 63.008 Gb/s available PCIe bandwidth, limited by 8 GT/s x8 link at 0000:05:02.0 (capable of 126.016 Gb/s with 8 GT/s x16 link)
[    0.705792] pci 0000:06:00.0: System wakeup disabled by ACPI
[    0.707151] pci 0000:05:02.0: PCI bridge to [bus 06-08]
[    0.707160] pci 0000:05:02.0:   bridge window [mem 0xd9c00000-0xd9efffff]
[    0.707169] pci 0000:05:02.0:   bridge window [mem 0xd7000000-0xd90fffff 64bit pref]
[    0.707293] pci 0000:07:03.0: [8086:37c5] type 01 class 0x060400
[    0.707416] pci 0000:07:03.0: PME# supported from D0 D3hot D3cold
[    0.707476] pci 0000:07:03.0: System wakeup disabled by ACPI
[    0.707579] pci 0000:06:00.0: PCI bridge to [bus 07-08]
[    0.707589] pci 0000:06:00.0:   bridge window [mem 0xd9d00000-0xd9dfffff]
[    0.707598] pci 0000:06:00.0:   bridge window [mem 0xd7000000-0xd90fffff 64bit pref]
[    0.707719] pci 0000:08:00.0: [8086:37d2] type 00 class 0x020000
[    0.707750] pci 0000:08:00.0: reg 0x10: [mem 0xd8000000-0xd8ffffff 64bit pref]
[    0.707780] pci 0000:08:00.0: reg 0x1c: [mem 0xd9008000-0xd900ffff 64bit pref]
[    0.707804] pci 0000:08:00.0: reg 0x30: [mem 0xd9d80000-0xd9dfffff pref]
[    0.707897] pci 0000:08:00.0: PME# supported from D0 D3hot D3cold
[    0.707951] pci 0000:08:00.0: 2.000 Gb/s available PCIe bandwidth, limited by 2.5 GT/s x1 link at 0000:07:03.0 (capable of 7.876 Gb/s with 8 GT/s x1 link)
[    0.708115] pci 0000:08:00.1: [8086:37d2] type 00 class 0x020000
[    0.708133] pci 0000:08:00.1: reg 0x10: [mem 0xd7000000-0xd7ffffff 64bit pref]
[    0.708153] pci 0000:08:00.1: reg 0x1c: [mem 0xd9000000-0xd9007fff 64bit pref]
[    0.708166] pci 0000:08:00.1: reg 0x30: [mem 0xd9d00000-0xd9d7ffff pref]
[    0.708220] pci 0000:08:00.1: PME# supported from D0 D3hot D3cold
[    0.708310] pci 0000:07:03.0: PCI bridge to [bus 08]
[    0.708315] pci 0000:07:03.0:   bridge window [mem 0xd9d00000-0xd9dfffff]
[    0.708320] pci 0000:07:03.0:   bridge window [mem 0xd7000000-0xd90fffff 64bit pref]
[    0.708336] pci_bus 0000:05: on NUMA node 0
[    0.708455] ACPI: PCI Root Bridge [PC02] (domain 0000 [bus 2e-56])
[    0.708459] acpi PNP0A08:02: _OSC: OS supports [ExtendedConfig ASPM ClockPM Segments MSI]
[    0.708798] acpi PNP0A08:02: _OSC: platform does not support [SHPCHotplug AER]
[    0.708967] acpi PNP0A08:02: _OSC: OS now controls [PCIeHotplug PME PCIeCapability]
[    0.708969] acpi PNP0A08:02: FADT indicates ASPM is unsupported, using BIOS configuration
[    0.709048] PCI host bridge to bus 0000:2e
[    0.709050] pci_bus 0000:2e: root bus resource [io  0x5000-0x6fff window]
[    0.709051] pci_bus 0000:2e: root bus resource [mem 0xda000000-0xdeffffff window]
[    0.709053] pci_bus 0000:2e: root bus resource [mem 0x22000000000-0x22fffffffff window]
[    0.709055] pci_bus 0000:2e: root bus resource [bus 2e-56]
[    0.709063] pci 0000:2e:00.0: [8086:2030] type 01 class 0x060400
[    0.709112] pci 0000:2e:00.0: PME# supported from D0 D3hot D3cold
[    0.709163] pci 0000:2e:00.0: System wakeup disabled by ACPI
[    0.709194] pci 0000:2e:05.0: [8086:2034] type 00 class 0x088000
[    0.709260] pci 0000:2e:05.2: [8086:2035] type 00 class 0x088000
[    0.709325] pci 0000:2e:05.4: [8086:2036] type 00 class 0x080020
[    0.709331] pci 0000:2e:05.4: reg 0x10: [mem 0xdef00000-0xdef00fff]
[    0.709402] pci 0000:2e:08.0: [8086:2066] type 00 class 0x088000
[    0.709462] pci 0000:2e:09.0: [8086:2066] type 00 class 0x088000
[    0.709524] pci 0000:2e:0a.0: [8086:2040] type 00 class 0x088000
[    0.709585] pci 0000:2e:0a.1: [8086:2041] type 00 class 0x088000
[    0.709640] pci 0000:2e:0a.2: [8086:2042] type 00 class 0x088000
[    0.709698] pci 0000:2e:0a.3: [8086:2043] type 00 class 0x088000
[    0.709753] pci 0000:2e:0a.4: [8086:2044] type 00 class 0x088000
[    0.709810] pci 0000:2e:0a.5: [8086:2045] type 00 class 0x088000
[    0.709865] pci 0000:2e:0a.6: [8086:2046] type 00 class 0x088000
[    0.709923] pci 0000:2e:0a.7: [8086:2047] type 00 class 0x088000
[    0.709979] pci 0000:2e:0b.0: [8086:2048] type 00 class 0x088000
[    0.710040] pci 0000:2e:0b.1: [8086:2049] type 00 class 0x088000
[    0.710098] pci 0000:2e:0b.2: [8086:204a] type 00 class 0x088000
[    0.710158] pci 0000:2e:0b.3: [8086:204b] type 00 class 0x088000
[    0.710217] pci 0000:2e:0c.0: [8086:2040] type 00 class 0x088000
[    0.710277] pci 0000:2e:0c.1: [8086:2041] type 00 class 0x088000
[    0.710336] pci 0000:2e:0c.2: [8086:2042] type 00 class 0x088000
[    0.710394] pci 0000:2e:0c.3: [8086:2043] type 00 class 0x088000
[    0.710451] pci 0000:2e:0c.4: [8086:2044] type 00 class 0x088000
[    0.710510] pci 0000:2e:0c.5: [8086:2045] type 00 class 0x088000
[    0.710567] pci 0000:2e:0c.6: [8086:2046] type 00 class 0x088000
[    0.710626] pci 0000:2e:0c.7: [8086:2047] type 00 class 0x088000
[    0.710685] pci 0000:2e:0d.0: [8086:2048] type 00 class 0x088000
[    0.710746] pci 0000:2e:0d.1: [8086:2049] type 00 class 0x088000
[    0.710803] pci 0000:2e:0d.2: [8086:204a] type 00 class 0x088000
[    0.710861] pci 0000:2e:0d.3: [8086:204b] type 00 class 0x088000
[    0.711202] pci 0000:2f:00.0: [15b3:1013] type 00 class 0x020700
[    0.711341] pci 0000:2f:00.0: reg 0x10: [mem 0xdc000000-0xddffffff 64bit pref]
[    0.711597] pci 0000:2f:00.0: reg 0x30: [mem 0xdee00000-0xdeefffff pref]
[    0.712130] pci 0000:2f:00.0: PME# supported from D3cold
